Apr 23 20:34:21 localhost kernel: Booting Linux on physical CPU 0x0000000000 [0x610f0000]
Apr 23 20:34:21 localhost kernel: Linux version 5.14.0-430.el9.aarch64 (mockbuild@aarch64-01.stream.rdu2.redhat.com) (gcc (GCC) 11.4.1 20231218 (Red Hat 11.4.1-3), GNU ld version 2.35.2-43.el9) #1 SMP PREEMPT_DYNAMIC Thu Mar 14 18:49:59 UTC 2024
Apr 23 20:34:21 localhost kernel: The list of certified hardware and cloud instances for Red Hat Enterprise Linux 9 can be viewed at the Red Hat Ecosystem Catalog, https://catalog.redhat.com.
Apr 23 20:34:21 localhost kernel: KASLR enabled
Apr 23 20:34:21 localhost kernel: efi: EFI v2.7 by EDK II
Apr 23 20:34:21 localhost kernel: efi: SMBIOS 3.0=0x1bf810000 MEMATTR=0x1be802018 ACPI 2.0=0x1bc150018 RNG=0x1bc15e918 MEMRESERVE=0x1bc483518 
Apr 23 20:34:21 localhost kernel: ACPI: Early table checksum verification disabled
Apr 23 20:34:21 localhost kernel: ACPI: RSDP 0x00000001BC150018 000024 (v02 BOCHS )
Apr 23 20:34:21 localhost kernel: ACPI: XSDT 0x00000001BC15FE98 00006C (v01 BOCHS  BXPC     00000001      01000013)
Apr 23 20:34:21 localhost kernel: ACPI: FACP 0x00000001BC15FA98 000114 (v06 BOCHS  BXPC     00000001 BXPC 00000001)
Apr 23 20:34:21 localhost kernel: ACPI: DSDT 0x00000001BC157518 001468 (v02 BOCHS  BXPC     00000001 BXPC 00000001)
Apr 23 20:34:21 localhost kernel: ACPI: APIC 0x00000001BC15FC18 0000FC (v04 BOCHS  BXPC     00000001 BXPC 00000001)
Apr 23 20:34:21 localhost kernel: ACPI: PPTT 0x00000001BC15FD98 000074 (v02 BOCHS  BXPC     00000001 BXPC 00000001)
Apr 23 20:34:21 localhost kernel: ACPI: GTDT 0x00000001BC15D898 000060 (v02 BOCHS  BXPC     00000001 BXPC 00000001)
Apr 23 20:34:21 localhost kernel: ACPI: MCFG 0x00000001BC15FF98 00003C (v01 BOCHS  BXPC     00000001 BXPC 00000001)
Apr 23 20:34:21 localhost kernel: ACPI: SPCR 0x00000001BC15E818 000050 (v02 BOCHS  BXPC     00000001 BXPC 00000001)
Apr 23 20:34:21 localhost kernel: ACPI: DBG2 0x00000001BC15E898 000057 (v00 BOCHS  BXPC     00000001 BXPC 00000001)
Apr 23 20:34:21 localhost kernel: ACPI: IORT 0x00000001BC15E418 000080 (v03 BOCHS  BXPC     00000001 BXPC 00000001)
Apr 23 20:34:21 localhost kernel: ACPI: BGRT 0x00000001BC15E798 000038 (v01 INTEL  EDK2     00000002      01000013)
Apr 23 20:34:21 localhost kernel: ACPI: SPCR: console: pl011,mmio,0x9000000,9600
Apr 23 20:34:21 localhost kernel: NUMA: Failed to initialise from firmware
Apr 23 20:34:21 localhost kernel: NUMA: Faking a node at [mem 0x0000000040000000-0x00000001bfffffff]
Apr 23 20:34:21 localhost kernel: NUMA: NODE_DATA [mem 0x1bf02bf80-0x1bf038fff]
Apr 23 20:34:21 localhost kernel: Zone ranges:
Apr 23 20:34:21 localhost kernel:  DMA      [mem 0x0000000040000000-0x00000000ffffffff]
Apr 23 20:34:21 localhost kernel:  DMA32    empty
Apr 23 20:34:21 localhost kernel:  Normal   [mem 0x0000000100000000-0x00000001bfffffff]
Apr 23 20:34:21 localhost kernel:  Device   empty
Apr 23 20:34:21 localhost kernel: Movable zone start for each node
Apr 23 20:34:21 localhost kernel: Early memory node ranges
Apr 23 20:34:21 localhost kernel:  node   0: [mem 0x0000000040000000-0x00000001bc15ffff]
Apr 23 20:34:21 localhost kernel:  node   0: [mem 0x00000001bc160000-0x00000001bc47ffff]
Apr 23 20:34:21 localhost kernel:  node   0: [mem 0x00000001bc480000-0x00000001bf75ffff]
Apr 23 20:34:21 localhost kernel:  node   0: [mem 0x00000001bf760000-0x00000001bf7effff]
Apr 23 20:34:21 localhost kernel:  node   0: [mem 0x00000001bf7f0000-0x00000001bf7fffff]
Apr 23 20:34:21 localhost kernel:  node   0: [mem 0x00000001bf800000-0x00000001bf91ffff]
Apr 23 20:34:21 localhost kernel:  node   0: [mem 0x00000001bf920000-0x00000001bfffffff]
Apr 23 20:34:21 localhost kernel: Initmem setup node 0 [mem 0x0000000040000000-0x00000001bfffffff]
Apr 23 20:34:21 localhost kernel: crashkernel reserved: 0x00000000ec000000 - 0x0000000100000000 (320 MB)
Apr 23 20:34:21 localhost kernel: psci: probing for conduit method from ACPI.
Apr 23 20:34:21 localhost kernel: psci: PSCIv1.1 detected in firmware.
Apr 23 20:34:21 localhost kernel: psci: Using standard PSCI v0.2 function IDs
Apr 23 20:34:21 localhost kernel: psci: Trusted OS migration not required
Apr 23 20:34:21 localhost kernel: psci: SMC Calling Convention v1.0
Apr 23 20:34:21 localhost kernel: percpu: Embedded 32 pages/cpu s93992 r8192 d28888 u131072
Apr 23 20:34:21 localhost kernel: Detected PIPT I-cache on CPU0
Apr 23 20:34:21 localhost kernel: CPU features: detected: Spectre-v4
Apr 23 20:34:21 localhost kernel: alternatives: applying boot alternatives
Apr 23 20:34:21 localhost kernel: Fallback order for Node 0: 0 
Apr 23 20:34:21 localhost kernel: Built 1 zonelists, mobility grouping on.  Total pages: 1548288
Apr 23 20:34:21 localhost kernel: Policy zone: Normal
Apr 23 20:34:21 localhost kernel: Kernel command line: BOOT_IMAGE=(hd1,gpt2)/vmlinuz-5.14.0-430.el9.aarch64 root=/dev/mapper/cs-root ro crashkernel=1G-4G:256M,4G-64G:320M,64G-:576M rd.lvm.lv=cs/root rd.lvm.lv=cs/swap
Apr 23 20:34:21 localhost kernel: Unknown kernel command line parameters "BOOT_IMAGE=(hd1,gpt2)/vmlinuz-5.14.0-430.el9.aarch64", will be passed to user space.
Apr 23 20:34:21 localhost kernel: Dentry cache hash table entries: 1048576 (order: 11, 8388608 bytes, linear)
Apr 23 20:34:21 localhost kernel: Inode-cache hash table entries: 524288 (order: 10, 4194304 bytes, linear)
Apr 23 20:34:21 localhost kernel: mem auto-init: stack:off, heap alloc:off, heap free:off
Apr 23 20:34:21 localhost kernel: software IO TLB: area num 2.
Apr 23 20:34:21 localhost kernel: software IO TLB: mapped [mem 0x00000000e8000000-0x00000000ec000000] (64MB)
Apr 23 20:34:21 localhost kernel: Memory: 5665228K/6291456K available (13248K kernel code, 5484K rwdata, 11168K rodata, 6016K init, 11412K bss, 626228K reserved, 0K cma-reserved)
Apr 23 20:34:21 localhost kernel: SLUB: HWalign=64, Order=0-3, MinObjects=0, CPUs=2, Nodes=1
Apr 23 20:34:21 localhost kernel: ftrace: allocating 47644 entries in 187 pages
Apr 23 20:34:21 localhost kernel: ftrace: allocated 187 pages with 6 groups
Apr 23 20:34:21 localhost kernel: trace event string verifier disabled
Apr 23 20:34:21 localhost kernel: Dynamic Preempt: voluntary
Apr 23 20:34:21 localhost kernel: rcu: Preemptible hierarchical RCU implementation.
Apr 23 20:34:21 localhost kernel: rcu: #011RCU restricting CPUs from NR_CPUS=4096 to nr_cpu_ids=2.
Apr 23 20:34:21 localhost kernel: #011Trampoline variant of Tasks RCU enabled.
Apr 23 20:34:21 localhost kernel: #011Rude variant of Tasks RCU enabled.
Apr 23 20:34:21 localhost kernel: #011Tracing variant of Tasks RCU enabled.
Apr 23 20:34:21 localhost kernel: rcu: RCU calculated value of scheduler-enlistment delay is 10 jiffies.
Apr 23 20:34:21 localhost kernel: rcu: Adjusting geometry for rcu_fanout_leaf=16, nr_cpu_ids=2
Apr 23 20:34:21 localhost kernel: NR_IRQS: 64, nr_irqs: 64, preallocated irqs: 0
Apr 23 20:34:21 localhost kernel: Root IRQ handler: gic_handle_irq
Apr 23 20:34:21 localhost kernel: GICv2m: ACPI overriding V2M MSI_TYPER (base:80, num:64)
Apr 23 20:34:21 localhost kernel: GICv2m: range[mem 0x08020000-0x08020fff], SPI[80:143]
Apr 23 20:34:21 localhost kernel: rcu: srcu_init: Setting srcu_struct sizes based on contention.
Apr 23 20:34:21 localhost kernel: arch_timer: cp15 timer(s) running at 24.00MHz (virt).
Apr 23 20:34:21 localhost kernel: clocksource: arch_sys_counter: mask: 0xffffffffffffff max_cycles: 0x588fe9dc0, max_idle_ns: 440795202592 ns
Apr 23 20:34:21 localhost kernel: sched_clock: 56 bits at 24MHz, resolution 41ns, wraps every 4398046511097ns
Apr 23 20:34:21 localhost kernel: kfence: initialized - using 2097152 bytes for 255 objects at 0x(____ptrval____)-0x(____ptrval____)
Apr 23 20:34:21 localhost kernel: Console: colour dummy device 80x25
Apr 23 20:34:21 localhost kernel: ACPI: Core revision 20221020
Apr 23 20:34:21 localhost kernel: Calibrating delay loop (skipped), value calculated using timer frequency.. 48.00 BogoMIPS (lpj=240000)
Apr 23 20:34:21 localhost kernel: pid_max: default: 32768 minimum: 301
Apr 23 20:34:21 localhost kernel: LSM: initializing lsm=lockdown,capability,yama,integrity,selinux,bpf
Apr 23 20:34:21 localhost kernel: Yama: becoming mindful.
Apr 23 20:34:21 localhost kernel: SELinux:  Initializing.
Apr 23 20:34:21 localhost kernel: LSM support for eBPF active
Apr 23 20:34:21 localhost kernel: Mount-cache hash table entries: 16384 (order: 5, 131072 bytes, linear)
Apr 23 20:34:21 localhost kernel: Mountpoint-cache hash table entries: 16384 (order: 5, 131072 bytes, linear)
Apr 23 20:34:21 localhost kernel: cblist_init_generic: Setting adjustable number of callback queues.
Apr 23 20:34:21 localhost kernel: cblist_init_generic: Setting shift to 1 and lim to 1.
Apr 23 20:34:21 localhost kernel: cblist_init_generic: Setting shift to 1 and lim to 1.
Apr 23 20:34:21 localhost kernel: cblist_init_generic: Setting shift to 1 and lim to 1.
Apr 23 20:34:21 localhost kernel: rcu: Hierarchical SRCU implementation.
Apr 23 20:34:21 localhost kernel: rcu: #011Max phase no-delay instances is 1000.
Apr 23 20:34:21 localhost kernel: Remapping and enabling EFI services.
Apr 23 20:34:21 localhost kernel: smp: Bringing up secondary CPUs ...
Apr 23 20:34:21 localhost kernel: Detected PIPT I-cache on CPU1
Apr 23 20:34:21 localhost kernel: CPU1: Booted secondary processor 0x0000000001 [0x610f0000]
Apr 23 20:34:21 localhost kernel: smp: Brought up 1 node, 2 CPUs
Apr 23 20:34:21 localhost kernel: SMP: Total of 2 processors activated.
Apr 23 20:34:21 localhost kernel: CPU features: detected: ARMv8.4 Translation Table Level
Apr 23 20:34:21 localhost kernel: CPU features: detected: Data cache clean to the PoU not required for I/D coherence
Apr 23 20:34:21 localhost kernel: CPU features: detected: Common not Private translations
Apr 23 20:34:21 localhost kernel: CPU features: detected: CRC32 instructions
Apr 23 20:34:21 localhost kernel: CPU features: detected: Data cache clean to Point of Deep Persistence
Apr 23 20:34:21 localhost kernel: CPU features: detected: Data cache clean to Point of Persistence
Apr 23 20:34:21 localhost kernel: CPU features: detected: Data independent timing control (DIT)
Apr 23 20:34:21 localhost kernel: CPU features: detected: E0PD
Apr 23 20:34:21 localhost kernel: CPU features: detected: Enhanced Privileged Access Never
Apr 23 20:34:21 localhost kernel: CPU features: detected: Fine Grained Traps
Apr 23 20:34:21 localhost kernel: CPU features: detected: RCpc load-acquire (LDAPR)
Apr 23 20:34:21 localhost kernel: CPU features: detected: LSE atomic instructions
Apr 23 20:34:21 localhost kernel: CPU features: detected: Privileged Access Never
Apr 23 20:34:21 localhost kernel: CPU features: detected: RAS Extension Support
Apr 23 20:34:21 localhost kernel: CPU features: detected: Speculation barrier (SB)
Apr 23 20:34:21 localhost kernel: CPU features: detected: TLB range maintenance instructions
Apr 23 20:34:21 localhost kernel: CPU: All CPU(s) started at EL1
Apr 23 20:34:21 localhost kernel: alternatives: applying system-wide alternatives
Apr 23 20:34:21 localhost kernel: devtmpfs: initialized
Apr 23 20:34:21 localhost kernel: clocksource: jiffies: mask: 0xffffffff max_cycles: 0xffffffff, max_idle_ns: 19112604462750000 ns
Apr 23 20:34:21 localhost kernel: futex hash table entries: 512 (order: 3, 32768 bytes, linear)
Apr 23 20:34:21 localhost kernel: pinctrl core: initialized pinctrl subsystem
Apr 23 20:34:21 localhost kernel: SMBIOS 3.0.0 present.
Apr 23 20:34:21 localhost kernel: DMI: QEMU QEMU Virtual Machine, BIOS 0.0.0 02/06/2015
Apr 23 20:34:21 localhost kernel: NET: Registered PF_NETLINK/PF_ROUTE protocol family
Apr 23 20:34:21 localhost kernel: DMA: preallocated 1024 KiB GFP_KERNEL pool for atomic allocations
Apr 23 20:34:21 localhost kernel: DMA: preallocated 1024 KiB GFP_KERNEL|GFP_DMA pool for atomic allocations
Apr 23 20:34:21 localhost kernel: DMA: preallocated 1024 KiB GFP_KERNEL|GFP_DMA32 pool for atomic allocations
Apr 23 20:34:21 localhost kernel: audit: initializing netlink subsys (disabled)
Apr 23 20:34:21 localhost kernel: audit: type=2000 audit(0.000:1): state=initialized audit_enabled=0 res=1
Apr 23 20:34:21 localhost kernel: thermal_sys: Registered thermal governor 'fair_share'
Apr 23 20:34:21 localhost kernel: thermal_sys: Registered thermal governor 'step_wise'
Apr 23 20:34:21 localhost kernel: thermal_sys: Registered thermal governor 'user_space'
Apr 23 20:34:21 localhost kernel: cpuidle: using governor menu
Apr 23 20:34:21 localhost kernel: hw-breakpoint: found 6 breakpoint and 4 watchpoint registers.
Apr 23 20:34:21 localhost kernel: ASID allocator initialised with 256 entries
Apr 23 20:34:21 localhost kernel: acpiphp: ACPI Hot Plug PCI Controller Driver version: 0.5
Apr 23 20:34:21 localhost kernel: Serial: AMBA PL011 UART driver
Apr 23 20:34:21 localhost kernel: Modules: 2G module region forced by RANDOMIZE_MODULE_REGION_FULL
Apr 23 20:34:21 localhost kernel: Modules: 0 pages in range for non-PLT usage
Apr 23 20:34:21 localhost kernel: Modules: 512384 pages in range for PLT usage
Apr 23 20:34:21 localhost kernel: HugeTLB: registered 1.00 GiB page size, pre-allocated 0 pages
Apr 23 20:34:21 localhost kernel: HugeTLB: 0 KiB vmemmap can be freed for a 1.00 GiB page
Apr 23 20:34:21 localhost kernel: HugeTLB: registered 32.0 MiB page size, pre-allocated 0 pages
Apr 23 20:34:21 localhost kernel: HugeTLB: 0 KiB vmemmap can be freed for a 32.0 MiB page
Apr 23 20:34:21 localhost kernel: HugeTLB: registered 2.00 MiB page size, pre-allocated 0 pages
Apr 23 20:34:21 localhost kernel: HugeTLB: 0 KiB vmemmap can be freed for a 2.00 MiB page
Apr 23 20:34:21 localhost kernel: HugeTLB: registered 64.0 KiB page size, pre-allocated 0 pages
Apr 23 20:34:21 localhost kernel: HugeTLB: 0 KiB vmemmap can be freed for a 64.0 KiB page
Apr 23 20:34:21 localhost kernel: cryptd: max_cpu_qlen set to 1000
Apr 23 20:34:21 localhost kernel: ACPI: Added _OSI(Module Device)
Apr 23 20:34:21 localhost kernel: ACPI: Added _OSI(Processor Device)
Apr 23 20:34:21 localhost kernel: ACPI: Added _OSI(3.0 _SCP Extensions)
Apr 23 20:34:21 localhost kernel: ACPI: Added _OSI(Processor Aggregator Device)
Apr 23 20:34:21 localhost kernel: ACPI: Added _OSI(Linux-Dell-Video)
Apr 23 20:34:21 localhost kernel: ACPI: Added _OSI(Linux-Lenovo-NV-HDMI-Audio)
Apr 23 20:34:21 localhost kernel: ACPI: Added _OSI(Linux-HPI-Hybrid-Graphics)
Apr 23 20:34:21 localhost kernel: ACPI: 1 ACPI AML tables successfully acquired and loaded
Apr 23 20:34:21 localhost kernel: ACPI: Interpreter enabled
Apr 23 20:34:21 localhost kernel: ACPI: Using GIC for interrupt routing
Apr 23 20:34:21 localhost kernel: ACPI: MCFG table detected, 1 entries
Apr 23 20:34:21 localhost kernel: ARMH0011:00: ttyAMA0 at MMIO 0x9000000 (irq = 12, base_baud = 0) is a SBSA
Apr 23 20:34:21 localhost kernel: printk: console [ttyAMA0] enabled
Apr 23 20:34:21 localhost kernel: printk: console [ttyAMA0] printing thread started
Apr 23 20:34:21 localhost kernel: ACPI: PCI Root Bridge [PCI0] (domain 0000 [bus 00-ff])
Apr 23 20:34:21 localhost kernel: acpi PNP0A08:00: _OSC: OS supports [ExtendedConfig ASPM ClockPM Segments MSI EDR HPX-Type3]
Apr 23 20:34:21 localhost kernel: acpi PNP0A08:00: _OSC: platform does not support [LTR DPC]
Apr 23 20:34:21 localhost kernel: acpi PNP0A08:00: _OSC: OS now controls [PCIeHotplug PME AER PCIeCapability]
Apr 23 20:34:21 localhost kernel: acpi PNP0A08:00: ECAM area [mem 0x4010000000-0x401fffffff] reserved by PNP0C02:00
Apr 23 20:34:21 localhost kernel: acpi PNP0A08:00: ECAM at [mem 0x4010000000-0x401fffffff] for [bus 00-ff]
Apr 23 20:34:21 localhost kernel: ACPI: Remapped I/O 0x000000003eff0000 to [io  0x0000-0xffff window]
Apr 23 20:34:21 localhost kernel: PCI host bridge to bus 0000:00
Apr 23 20:34:21 localhost kernel: pci_bus 0000:00: root bus resource [mem 0x10000000-0x3efeffff window]
Apr 23 20:34:21 localhost kernel: pci_bus 0000:00: root bus resource [io  0x0000-0xffff window]
Apr 23 20:34:21 localhost kernel: pci_bus 0000:00: root bus resource [mem 0x8000000000-0xffffffffff window]
Apr 23 20:34:21 localhost kernel: pci_bus 0000:00: root bus resource [bus 00-ff]
Apr 23 20:34:21 localhost kernel: pci 0000:00:00.0: [1b36:0008] type 00 class 0x060000
Apr 23 20:34:21 localhost kernel: pci 0000:00:01.0: [1af4:1000] type 00 class 0x020000
Apr 23 20:34:21 localhost kernel: pci 0000:00:01.0: reg 0x10: [io  0x00e0-0x00ff]
Apr 23 20:34:21 localhost kernel: pci 0000:00:01.0: reg 0x14: [mem 0x10048000-0x10048fff]
Apr 23 20:34:21 localhost kernel: pci 0000:00:01.0: reg 0x20: [mem 0x8000000000-0x8000003fff 64bit pref]
Apr 23 20:34:21 localhost kernel: pci 0000:00:01.0: reg 0x30: [mem 0xfffc0000-0xffffffff pref]
Apr 23 20:34:21 localhost kernel: pci 0000:00:02.0: [1af4:1050] type 00 class 0x038000
Apr 23 20:34:21 localhost kernel: pci 0000:00:02.0: reg 0x14: [mem 0x10047000-0x10047fff]
Apr 23 20:34:21 localhost kernel: pci 0000:00:02.0: reg 0x20: [mem 0x8000004000-0x8000007fff 64bit pref]
Apr 23 20:34:21 localhost kernel: pci 0000:00:03.0: [8086:2668] type 00 class 0x040300
Apr 23 20:34:21 localhost kernel: pci 0000:00:03.0: reg 0x10: [mem 0x10040000-0x10043fff]
Apr 23 20:34:21 localhost kernel: pci 0000:00:04.0: [1033:0194] type 00 class 0x0c0330
Apr 23 20:34:21 localhost kernel: pci 0000:00:04.0: reg 0x10: [mem 0x8000018000-0x800001bfff 64bit]
Apr 23 20:34:21 localhost kernel: pci 0000:00:05.0: [1b36:000d] type 00 class 0x0c0330
Apr 23 20:34:21 localhost kernel: pci 0000:00:05.0: reg 0x10: [mem 0x8000014000-0x8000017fff 64bit]
Apr 23 20:34:21 localhost kernel: pci 0000:00:06.0: [1af4:1001] type 00 class 0x010000
Apr 23 20:34:21 localhost kernel: pci 0000:00:06.0: reg 0x10: [io  0x0000-0x007f]
Apr 23 20:34:21 localhost kernel: pci 0000:00:06.0: reg 0x14: [mem 0x10046000-0x10046fff]
Apr 23 20:34:21 localhost kernel: pci 0000:00:06.0: reg 0x20: [mem 0x8000008000-0x800000bfff 64bit pref]
Apr 23 20:34:21 localhost kernel: pci 0000:00:07.0: [1af4:1003] type 00 class 0x078000
Apr 23 20:34:21 localhost kernel: pci 0000:00:07.0: reg 0x10: [io  0x0080-0x00bf]
Apr 23 20:34:21 localhost kernel: pci 0000:00:07.0: reg 0x14: [mem 0x10045000-0x10045fff]
Apr 23 20:34:21 localhost kernel: pci 0000:00:07.0: reg 0x20: [mem 0x800000c000-0x800000ffff 64bit pref]
Apr 23 20:34:21 localhost kernel: pci 0000:00:08.0: [1af4:1005] type 00 class 0x00ff00
Apr 23 20:34:21 localhost kernel: pci 0000:00:08.0: reg 0x10: [io  0x00c0-0x00df]
Apr 23 20:34:21 localhost kernel: pci 0000:00:08.0: reg 0x14: [mem 0x10044000-0x10044fff]
Apr 23 20:34:21 localhost kernel: pci 0000:00:08.0: reg 0x20: [mem 0x8000010000-0x8000013fff 64bit pref]
Apr 23 20:34:21 localhost kernel: pci 0000:00:01.0: BAR 6: assigned [mem 0x10000000-0x1003ffff pref]
Apr 23 20:34:21 localhost kernel: pci 0000:00:01.0: BAR 4: assigned [mem 0x8000000000-0x8000003fff 64bit pref]
Apr 23 20:34:21 localhost kernel: pci 0000:00:02.0: BAR 4: assigned [mem 0x8000004000-0x8000007fff 64bit pref]
Apr 23 20:34:21 localhost kernel: pci 0000:00:03.0: BAR 0: assigned [mem 0x10040000-0x10043fff]
Apr 23 20:34:21 localhost kernel: pci 0000:00:04.0: BAR 0: assigned [mem 0x8000008000-0x800000bfff 64bit]
Apr 23 20:34:21 localhost kernel: pci 0000:00:05.0: BAR 0: assigned [mem 0x800000c000-0x800000ffff 64bit]
Apr 23 20:34:21 localhost kernel: pci 0000:00:06.0: BAR 4: assigned [mem 0x8000010000-0x8000013fff 64bit pref]
Apr 23 20:34:21 localhost kernel: pci 0000:00:07.0: BAR 4: assigned [mem 0x8000014000-0x8000017fff 64bit pref]
Apr 23 20:34:21 localhost kernel: pci 0000:00:08.0: BAR 4: assigned [mem 0x8000018000-0x800001bfff 64bit pref]
Apr 23 20:34:21 localhost kernel: pci 0000:00:01.0: BAR 1: assigned [mem 0x10044000-0x10044fff]
Apr 23 20:34:21 localhost kernel: pci 0000:00:02.0: BAR 1: assigned [mem 0x10045000-0x10045fff]
Apr 23 20:34:21 localhost kernel: pci 0000:00:06.0: BAR 1: assigned [mem 0x10046000-0x10046fff]
Apr 23 20:34:21 localhost kernel: pci 0000:00:07.0: BAR 1: assigned [mem 0x10047000-0x10047fff]
Apr 23 20:34:21 localhost kernel: pci 0000:00:08.0: BAR 1: assigned [mem 0x10048000-0x10048fff]
Apr 23 20:34:21 localhost kernel: pci 0000:00:06.0: BAR 0: assigned [io  0x1000-0x107f]
Apr 23 20:34:21 localhost kernel: pci 0000:00:07.0: BAR 0: assigned [io  0x1080-0x10bf]
Apr 23 20:34:21 localhost kernel: pci 0000:00:01.0: BAR 0: assigned [io  0x10c0-0x10df]
Apr 23 20:34:21 localhost kernel: pci 0000:00:08.0: BAR 0: assigned [io  0x10e0-0x10ff]
Apr 23 20:34:21 localhost kernel: pci_bus 0000:00: resource 4 [mem 0x10000000-0x3efeffff window]
Apr 23 20:34:21 localhost kernel: pci_bus 0000:00: resource 5 [io  0x0000-0xffff window]
Apr 23 20:34:21 localhost kernel: pci_bus 0000:00: resource 6 [mem 0x8000000000-0xffffffffff window]
Apr 23 20:34:21 localhost kernel: ACPI: PCI: Interrupt link GSI0 configured for IRQ 35
Apr 23 20:34:21 localhost kernel: ACPI: PCI: Interrupt link GSI1 configured for IRQ 36
Apr 23 20:34:21 localhost kernel: ACPI: PCI: Interrupt link GSI2 configured for IRQ 37
Apr 23 20:34:21 localhost kernel: ACPI: PCI: Interrupt link GSI3 configured for IRQ 38
Apr 23 20:34:21 localhost kernel: iommu: Default domain type: Translated
Apr 23 20:34:21 localhost kernel: iommu: DMA domain TLB invalidation policy: lazy mode
Apr 23 20:34:21 localhost kernel: SCSI subsystem initialized
Apr 23 20:34:21 localhost kernel: ACPI: bus type USB registered
Apr 23 20:34:21 localhost kernel: usbcore: registered new interface driver usbfs
Apr 23 20:34:21 localhost kernel: usbcore: registered new interface driver hub
Apr 23 20:34:21 localhost kernel: usbcore: registered new device driver usb
Apr 23 20:34:21 localhost kernel: pps_core: LinuxPPS API ver. 1 registered
Apr 23 20:34:21 localhost kernel: pps_core: Software ver. 5.3.6 - Copyright 2005-2007 Rodolfo Giometti <giometti@linux.it>
Apr 23 20:34:21 localhost kernel: PTP clock support registered
Apr 23 20:34:21 localhost kernel: EDAC MC: Ver: 3.0.0
Apr 23 20:34:21 localhost kernel: scmi_core: SCMI protocol bus registered
Apr 23 20:34:21 localhost kernel: Registered efivars operations
Apr 23 20:34:21 localhost kernel: NetLabel: Initializing
Apr 23 20:34:21 localhost kernel: NetLabel:  domain hash size = 128
Apr 23 20:34:21 localhost kernel: NetLabel:  protocols = UNLABELED CIPSOv4 CALIPSO
Apr 23 20:34:21 localhost kernel: NetLabel:  unlabeled traffic allowed by default
Apr 23 20:34:21 localhost kernel: vgaarb: loaded
Apr 23 20:34:21 localhost kernel: clocksource: Switched to clocksource arch_sys_counter
Apr 23 20:34:21 localhost kernel: VFS: Disk quotas dquot_6.6.0
Apr 23 20:34:21 localhost kernel: VFS: Dquot-cache hash table entries: 512 (order 0, 4096 bytes)
Apr 23 20:34:21 localhost kernel: pnp: PnP ACPI init
Apr 23 20:34:21 localhost kernel: system 00:00: [mem 0x4010000000-0x401fffffff window] could not be reserved
Apr 23 20:34:21 localhost kernel: pnp: PnP ACPI: found 1 devices
Apr 23 20:34:21 localhost kernel: NET: Registered PF_INET protocol family
Apr 23 20:34:21 localhost kernel: IP idents hash table entries: 131072 (order: 8, 1048576 bytes, linear)
Apr 23 20:34:21 localhost kernel: tcp_listen_portaddr_hash hash table entries: 4096 (order: 4, 65536 bytes, linear)
Apr 23 20:34:21 localhost kernel: Table-perturb hash table entries: 65536 (order: 6, 262144 bytes, linear)
Apr 23 20:34:21 localhost kernel: TCP established hash table entries: 65536 (order: 7, 524288 bytes, linear)
Apr 23 20:34:21 localhost kernel: TCP bind hash table entries: 65536 (order: 8, 1048576 bytes, linear)
Apr 23 20:34:21 localhost kernel: TCP: Hash tables configured (established 65536 bind 65536)
Apr 23 20:34:21 localhost kernel: MPTCP token hash table entries: 8192 (order: 5, 196608 bytes, linear)
Apr 23 20:34:21 localhost kernel: UDP hash table entries: 4096 (order: 5, 131072 bytes, linear)
Apr 23 20:34:21 localhost kernel: UDP-Lite hash table entries: 4096 (order: 5, 131072 bytes, linear)
Apr 23 20:34:21 localhost kernel: NET: Registered PF_UNIX/PF_LOCAL protocol family
Apr 23 20:34:21 localhost kernel: NET: Registered PF_XDP protocol family
Apr 23 20:34:21 localhost kernel: pci 0000:00:04.0: enabling device (0000 -> 0002)
Apr 23 20:34:21 localhost kernel: pci 0000:00:05.0: enabling device (0000 -> 0002)
Apr 23 20:34:21 localhost kernel: PCI: CLS 0 bytes, default 64
Apr 23 20:34:21 localhost kernel: ACPI: bus type thunderbolt registered
Apr 23 20:34:21 localhost kernel: Trying to unpack rootfs image as initramfs...
Apr 23 20:34:21 localhost kernel: kvm [1]: HYP mode not available
Apr 23 20:34:21 localhost kernel: Initialise system trusted keyrings
Apr 23 20:34:21 localhost kernel: Key type blacklist registered
Apr 23 20:34:21 localhost kernel: workingset: timestamp_bits=38 max_order=21 bucket_order=0
Apr 23 20:34:21 localhost kernel: zbud: loaded
Apr 23 20:34:21 localhost kernel: integrity: Platform Keyring initialized
Apr 23 20:34:21 localhost kernel: integrity: Machine keyring initialized
Apr 23 20:34:21 localhost kernel: NET: Registered PF_ALG protocol family
Apr 23 20:34:21 localhost kernel: xor: measuring software checksum speed
Apr 23 20:34:21 localhost kernel:   8regs           : 57699 MB/sec
Apr 23 20:34:21 localhost kernel:   32regs          : 49398 MB/sec
Apr 23 20:34:21 localhost kernel:   arm64_neon      : 72017 MB/sec
Apr 23 20:34:21 localhost kernel: xor: using function: arm64_neon (72017 MB/sec)
Apr 23 20:34:21 localhost kernel: Key type asymmetric registered
Apr 23 20:34:21 localhost kernel: Asymmetric key parser 'x509' registered
Apr 23 20:34:21 localhost kernel: Running certificate verification selftests
Apr 23 20:34:21 localhost kernel: Loaded X.509 cert 'Certificate verification self-testing key: f58703bb33ce1b73ee02eccdee5b8817518fe3db'
Apr 23 20:34:21 localhost kernel: Block layer SCSI generic (bsg) driver version 0.4 loaded (major 246)
Apr 23 20:34:21 localhost kernel: io scheduler mq-deadline registered
Apr 23 20:34:21 localhost kernel: io scheduler kyber registered
Apr 23 20:34:21 localhost kernel: io scheduler bfq registered
Apr 23 20:34:21 localhost kernel: atomic64_test: passed
Apr 23 20:34:21 localhost kernel: input: Power Button as /devices/LNXSYSTM:00/LNXSYBUS:00/PNP0C0C:00/input/input0
Apr 23 20:34:21 localhost kernel: ACPI: button: Power Button [PWRB]
Apr 23 20:34:21 localhost kernel: ACPI: \_SB_.PCI0.GSI1: Enabled at IRQ 36
Apr 23 20:34:21 localhost kernel: virtio-pci 0000:00:01.0: enabling device (0000 -> 0003)
Apr 23 20:34:21 localhost kernel: ACPI: \_SB_.PCI0.GSI2: Enabled at IRQ 37
Apr 23 20:34:21 localhost kernel: virtio-pci 0000:00:06.0: enabling device (0005 -> 0007)
Apr 23 20:34:21 localhost kernel: ACPI: \_SB_.PCI0.GSI3: Enabled at IRQ 38
Apr 23 20:34:21 localhost kernel: virtio-pci 0000:00:07.0: enabling device (0000 -> 0003)
Apr 23 20:34:21 localhost kernel: ACPI: \_SB_.PCI0.GSI0: Enabled at IRQ 35
Apr 23 20:34:21 localhost kernel: virtio-pci 0000:00:08.0: enabling device (0005 -> 0007)
Apr 23 20:34:21 localhost kernel: Serial: 8250/16550 driver, 4 ports, IRQ sharing enabled
Apr 23 20:34:21 localhost kernel: random: crng init done
Apr 23 20:34:21 localhost kernel: rdac: device handler registered
Apr 23 20:34:21 localhost kernel: hp_sw: device handler registered
Apr 23 20:34:21 localhost kernel: emc: device handler registered
Apr 23 20:34:21 localhost kernel: alua: device handler registered
Apr 23 20:34:21 localhost kernel: xhci_hcd 0000:00:04.0: xHCI Host Controller
Apr 23 20:34:21 localhost kernel: xhci_hcd 0000:00:04.0: new USB bus registered, assigned bus number 1
Apr 23 20:34:21 localhost kernel: xhci_hcd 0000:00:04.0: hcc params 0x00080001 hci version 0x100 quirks 0x0000000000000014
Apr 23 20:34:21 localhost kernel: xhci_hcd 0000:00:04.0: xHCI Host Controller
Apr 23 20:34:21 localhost kernel: xhci_hcd 0000:00:04.0: new USB bus registered, assigned bus number 2
Apr 23 20:34:21 localhost kernel: xhci_hcd 0000:00:04.0: Host supports USB 3.0 SuperSpeed
Apr 23 20:34:21 localhost kernel: usb usb1: New USB device found, idVendor=1d6b, idProduct=0002, bcdDevice= 5.14
Apr 23 20:34:21 localhost kernel: usb usb1: New USB device strings: Mfr=3, Product=2, SerialNumber=1
Apr 23 20:34:21 localhost kernel: usb usb1: Product: xHCI Host Controller
Apr 23 20:34:21 localhost kernel: usb usb1: Manufacturer: Linux 5.14.0-430.el9.aarch64 xhci-hcd
Apr 23 20:34:21 localhost kernel: usb usb1: SerialNumber: 0000:00:04.0
Apr 23 20:34:21 localhost kernel: hub 1-0:1.0: USB hub found
Apr 23 20:34:21 localhost kernel: hub 1-0:1.0: 4 ports detected
Apr 23 20:34:21 localhost kernel: usb usb2: We don't know the algorithms for LPM for this host, disabling LPM.
Apr 23 20:34:21 localhost kernel: usb usb2: New USB device found, idVendor=1d6b, idProduct=0003, bcdDevice= 5.14
Apr 23 20:34:21 localhost kernel: usb usb2: New USB device strings: Mfr=3, Product=2, SerialNumber=1
Apr 23 20:34:21 localhost kernel: usb usb2: Product: xHCI Host Controller
Apr 23 20:34:21 localhost kernel: usb usb2: Manufacturer: Linux 5.14.0-430.el9.aarch64 xhci-hcd
Apr 23 20:34:21 localhost kernel: usb usb2: SerialNumber: 0000:00:04.0
Apr 23 20:34:21 localhost kernel: hub 2-0:1.0: USB hub found
Apr 23 20:34:21 localhost kernel: hub 2-0:1.0: 4 ports detected
Apr 23 20:34:21 localhost kernel: xhci_hcd 0000:00:05.0: xHCI Host Controller
Apr 23 20:34:21 localhost kernel: xhci_hcd 0000:00:05.0: new USB bus registered, assigned bus number 3
Apr 23 20:34:21 localhost kernel: xhci_hcd 0000:00:05.0: hcc params 0x00087001 hci version 0x100 quirks 0x0000000000000010
Apr 23 20:34:21 localhost kernel: xhci_hcd 0000:00:05.0: xHCI Host Controller
Apr 23 20:34:21 localhost kernel: xhci_hcd 0000:00:05.0: new USB bus registered, assigned bus number 4
Apr 23 20:34:21 localhost kernel: xhci_hcd 0000:00:05.0: Host supports USB 3.0 SuperSpeed
Apr 23 20:34:21 localhost kernel: usb usb3: New USB device found, idVendor=1d6b, idProduct=0002, bcdDevice= 5.14
Apr 23 20:34:21 localhost kernel: usb usb3: New USB device strings: Mfr=3, Product=2, SerialNumber=1
Apr 23 20:34:21 localhost kernel: usb usb3: Product: xHCI Host Controller
Apr 23 20:34:21 localhost kernel: usb usb3: Manufacturer: Linux 5.14.0-430.el9.aarch64 xhci-hcd
Apr 23 20:34:21 localhost kernel: usb usb3: SerialNumber: 0000:00:05.0
Apr 23 20:34:21 localhost kernel: hub 3-0:1.0: USB hub found
Apr 23 20:34:21 localhost kernel: hub 3-0:1.0: 4 ports detected
Apr 23 20:34:21 localhost kernel: usb usb4: We don't know the algorithms for LPM for this host, disabling LPM.
Apr 23 20:34:21 localhost kernel: usb usb4: New USB device found, idVendor=1d6b, idProduct=0003, bcdDevice= 5.14
Apr 23 20:34:21 localhost kernel: usb usb4: New USB device strings: Mfr=3, Product=2, SerialNumber=1
Apr 23 20:34:21 localhost kernel: usb usb4: Product: xHCI Host Controller
Apr 23 20:34:21 localhost kernel: usb usb4: Manufacturer: Linux 5.14.0-430.el9.aarch64 xhci-hcd
Apr 23 20:34:21 localhost kernel: usb usb4: SerialNumber: 0000:00:05.0
Apr 23 20:34:21 localhost kernel: hub 4-0:1.0: USB hub found
Apr 23 20:34:21 localhost kernel: hub 4-0:1.0: 4 ports detected
Apr 23 20:34:21 localhost kernel: usbcore: registered new interface driver usbserial_generic
Apr 23 20:34:21 localhost kernel: usbserial: USB Serial support registered for generic
Apr 23 20:34:21 localhost kernel: mousedev: PS/2 mouse device common for all mice
Apr 23 20:34:21 localhost kernel: rtc-efi rtc-efi.0: registered as rtc0
Apr 23 20:34:21 localhost kernel: rtc-efi rtc-efi.0: setting system clock to 2024-04-23T15:04:20 UTC (1713884660)
Apr 23 20:34:21 localhost kernel: hid: raw HID events driver (C) Jiri Kosina
Apr 23 20:34:21 localhost kernel: usbcore: registered new interface driver usbhid
Apr 23 20:34:21 localhost kernel: usbhid: USB HID core driver
Apr 23 20:34:21 localhost kernel: drop_monitor: Initializing network drop monitor service
Apr 23 20:34:21 localhost kernel: Initializing XFRM netlink socket
Apr 23 20:34:21 localhost kernel: NET: Registered PF_INET6 protocol family
Apr 23 20:34:21 localhost kernel: usb 1-1: new high-speed USB device number 2 using xhci_hcd
Apr 23 20:34:21 localhost kernel: Freeing initrd memory: 53968K
Apr 23 20:34:21 localhost kernel: Segment Routing with IPv6
Apr 23 20:34:21 localhost kernel: NET: Registered PF_PACKET protocol family
Apr 23 20:34:21 localhost kernel: mpls_gso: MPLS GSO support
Apr 23 20:34:21 localhost kernel: registered taskstats version 1
Apr 23 20:34:21 localhost kernel: Loading compiled-in X.509 certificates
Apr 23 20:34:21 localhost kernel: Loaded X.509 cert 'The CentOS Project: CentOS Stream kernel signing key: 66ea6720408d831bdb110b33fbd94fa8a1590a99'
Apr 23 20:34:21 localhost kernel: Loaded X.509 cert 'Red Hat Enterprise Linux Driver Update Program (key 3): bf57f3e87362bc7229d9f465321773dfd1f77a80'
Apr 23 20:34:21 localhost kernel: Loaded X.509 cert 'Red Hat Enterprise Linux kpatch signing key: 4d38fd864ebe18c5f0b72e3852e2014c3a676fc8'
Apr 23 20:34:21 localhost kernel: Loaded X.509 cert 'RH-IMA-CA: Red Hat IMA CA: fb31825dd0e073685b264e3038963673f753959a'
Apr 23 20:34:21 localhost kernel: Loaded X.509 cert 'Nvidia GPU OOT signing 001: 55e1cef88193e60419f0b0ec379c49f77545acf0'
Apr 23 20:34:21 localhost kernel: zswap: loaded using pool lzo/zbud
Apr 23 20:34:21 localhost kernel: page_owner is disabled
Apr 23 20:34:21 localhost kernel: Key type big_key registered
Apr 23 20:34:21 localhost kernel: Key type encrypted registered
Apr 23 20:34:21 localhost kernel: integrity: Loading X.509 certificate: UEFI:db
Apr 23 20:34:21 localhost kernel: integrity: Loaded X.509 cert 'Microsoft Windows Production PCA 2011: a92902398e16c49778cd90f99e4f9ae17c55af53'
Apr 23 20:34:21 localhost kernel: integrity: Loading X.509 certificate: UEFI:db
Apr 23 20:34:21 localhost kernel: integrity: Loaded X.509 cert 'Microsoft Corporation UEFI CA 2011: 13adbf4309bd82709c8cd54f316ed522988a1bd4'
Apr 23 20:34:21 localhost kernel: integrity: Loading X.509 certificate: UEFI:MokListRT
Apr 23 20:34:21 localhost kernel: integrity: Loaded X.509 cert 'CentOS Secure Boot (key 1): f037c6eaec36d4057a526c0ec6d5a95b324ee129'
Apr 23 20:34:21 localhost kernel: ima: secureboot mode disabled
Apr 23 20:34:21 localhost kernel: ima: No TPM chip found, activating TPM-bypass!
Apr 23 20:34:21 localhost kernel: Loading compiled-in module X.509 certificates
Apr 23 20:34:21 localhost kernel: Loaded X.509 cert 'The CentOS Project: CentOS Stream kernel signing key: 66ea6720408d831bdb110b33fbd94fa8a1590a99'
Apr 23 20:34:21 localhost kernel: ima: Allocated hash algorithm: sha256
Apr 23 20:34:21 localhost kernel: ima: No architecture policies found
Apr 23 20:34:21 localhost kernel: evm: Initialising EVM extended attributes:
Apr 23 20:34:21 localhost kernel: evm: security.selinux
Apr 23 20:34:21 localhost kernel: evm: security.SMACK64 (disabled)
Apr 23 20:34:21 localhost kernel: evm: security.SMACK64EXEC (disabled)
Apr 23 20:34:21 localhost kernel: evm: security.SMACK64TRANSMUTE (disabled)
Apr 23 20:34:21 localhost kernel: evm: security.SMACK64MMAP (disabled)
Apr 23 20:34:21 localhost kernel: evm: security.apparmor (disabled)
Apr 23 20:34:21 localhost kernel: evm: security.ima
Apr 23 20:34:21 localhost kernel: evm: security.capability
Apr 23 20:34:21 localhost kernel: evm: HMAC attrs: 0x1
Apr 23 20:34:21 localhost kernel: Freeing unused kernel memory: 6016K
Apr 23 20:34:21 localhost kernel: Checked W+X mappings: passed, no W+X pages found
Apr 23 20:34:21 localhost kernel: Run /init as init process
Apr 23 20:34:21 localhost systemd: systemd 252-27.el9 running in system mode (+PAM +AUDIT +SELINUX -APPARMOR +IMA +SMACK +SECCOMP +GCRYPT +GNUTLS +OPENSSL +ACL +BLKID +CURL +ELFUTILS -FIDO2 +IDN2 -IDN -IPTC +KMOD +LIBCRYPTSETUP +LIBFDISK +PCRE2 -PWQUALITY +P11KIT -QRENCODE +TPM2 +BZIP2 +LZ4 +XZ +ZLIB +ZSTD -BPF_FRAMEWORK +XKBCOMMON +UTMP +SYSVINIT default-hierarchy=unified)
Apr 23 20:34:21 localhost systemd: Detected virtualization qemu.
Apr 23 20:34:21 localhost systemd: Detected architecture arm64.
Apr 23 20:34:21 localhost systemd: Running in initrd.
Apr 23 20:34:21 localhost systemd: No hostname configured, using default hostname.
Apr 23 20:34:21 localhost systemd: Hostname set to <localhost>.
Apr 23 20:34:21 localhost kernel: usb 1-1: New USB device found, idVendor=0627, idProduct=0001, bcdDevice= 0.00
Apr 23 20:34:21 localhost kernel: usb 1-1: New USB device strings: Mfr=1, Product=3, SerialNumber=10
Apr 23 20:34:21 localhost kernel: usb 1-1: Product: QEMU USB Tablet
Apr 23 20:34:21 localhost kernel: usb 1-1: Manufacturer: QEMU
Apr 23 20:34:21 localhost kernel: usb 1-1: SerialNumber: 28754-0000:00:04.0-1
Apr 23 20:34:21 localhost kernel: input: QEMU QEMU USB Tablet as /devices/pci0000:00/0000:00:04.0/usb1/1-1/1-1:1.0/0003:0627:0001.0001/input/input1
Apr 23 20:34:21 localhost kernel: hid-generic 0003:0627:0001.0001: input,hidraw0: USB HID v0.01 Mouse [QEMU QEMU USB Tablet] on usb-0000:00:04.0-1/input0
Apr 23 20:34:21 localhost systemd: Queued start job for default target Initrd Default Target.
Apr 23 20:34:21 localhost systemd: Reached target Initrd /usr File System.
Apr 23 20:34:21 localhost systemd: Reached target Local File Systems.
Apr 23 20:34:21 localhost systemd: Reached target Slice Units.
Apr 23 20:34:21 localhost systemd: Reached target Swaps.
Apr 23 20:34:21 localhost systemd: Reached target Timer Units.
Apr 23 20:34:21 localhost systemd: Listening on D-Bus System Message Bus Socket.
Apr 23 20:34:21 localhost systemd: Listening on Journal Socket (/dev/log).
Apr 23 20:34:21 localhost systemd: Listening on Journal Socket.
Apr 23 20:34:21 localhost systemd: Listening on udev Control Socket.
Apr 23 20:34:21 localhost systemd: Listening on udev Kernel Socket.
Apr 23 20:34:21 localhost systemd: Reached target Socket Units.
Apr 23 20:34:21 localhost systemd: Starting Create List of Static Device Nodes...
Apr 23 20:34:21 localhost systemd: Starting Journal Service...
Apr 23 20:34:21 localhost systemd: Starting Load Kernel Modules...
Apr 23 20:34:21 localhost systemd: Starting Create System Users...
Apr 23 20:34:21 localhost systemd: Starting Setup Virtual Console...
Apr 23 20:34:21 localhost systemd: Finished Create List of Static Device Nodes.
Apr 23 20:34:21 localhost kernel: fuse: init (API version 7.36)
Apr 23 20:34:21 localhost systemd: Finished Create System Users.
Apr 23 20:34:21 localhost systemd-journald[200]: Journal started
Apr 23 20:34:21 localhost systemd-journald[200]: Runtime Journal (/run/log/journal/6bfff0dfe4344249b826adb8bafbaf31) is 8.0M, max 111.8M, 103.8M free.
Apr 23 20:34:21 localhost systemd-sysusers[202]: Creating group 'nobody' with GID 65534.
Apr 23 20:34:21 localhost systemd-sysusers[202]: Creating group 'users' with GID 100.
Apr 23 20:34:21 localhost systemd-sysusers[202]: Creating group 'dbus' with GID 81.
Apr 23 20:34:21 localhost systemd-sysusers[202]: Creating user 'dbus' (System Message Bus) with UID 81 and GID 81.
Apr 23 20:34:21 localhost systemd-modules-load[201]: Inserted module 'fuse'
Apr 23 20:34:21 localhost systemd[1]: Finished Load Kernel Modules.
Apr 23 20:34:21 localhost systemd[1]: Starting Apply Kernel Variables...
Apr 23 20:34:21 localhost systemd[1]: Starting Create Static Device Nodes in /dev...
Apr 23 20:34:21 localhost systemd[1]: Starting Create Volatile Files and Directories...
Apr 23 20:34:21 localhost systemd: Started Journal Service.
Apr 23 20:34:21 localhost systemd[1]: Finished Apply Kernel Variables.
Apr 23 20:34:21 localhost systemd[1]: Finished Create Static Device Nodes in /dev.
Apr 23 20:34:21 localhost systemd[1]: Finished Create Volatile Files and Directories.
Apr 23 20:34:21 localhost systemd[1]: Finished Setup Virtual Console.
Apr 23 20:34:21 localhost systemd[1]: dracut ask for additional cmdline parameters was skipped because no trigger condition checks were met.
Apr 23 20:34:21 localhost systemd[1]: Starting dracut cmdline hook...
Apr 23 20:34:21 localhost dracut-cmdline[215]: dracut-9 dracut-057-53.git20240104.el9
Apr 23 20:34:21 localhost dracut-cmdline[215]: Using kernel command line parameters:    BOOT_IMAGE=(hd1,gpt2)/vmlinuz-5.14.0-430.el9.aarch64 root=/dev/mapper/cs-root ro crashkernel=1G-4G:256M,4G-64G:320M,64G-:576M rd.lvm.lv=cs/root rd.lvm.lv=cs/swap
Apr 23 20:34:21 localhost systemd[1]: Finished dracut cmdline hook.
Apr 23 20:34:21 localhost systemd[1]: Starting dracut pre-udev hook...
Apr 23 20:34:21 localhost systemd[1]: Finished dracut pre-udev hook.
Apr 23 20:34:21 localhost systemd[1]: Starting Rule-based Manager for Device Events and Files...
Apr 23 20:34:21 localhost kernel: device-mapper: core: CONFIG_IMA_DISABLE_HTABLE is disabled. Duplicate IMA measurements will not be recorded in the IMA log.
Apr 23 20:34:21 localhost kernel: device-mapper: uevent: version 1.0.3
Apr 23 20:34:21 localhost kernel: device-mapper: ioctl: 4.48.0-ioctl (2023-03-01) initialised: dm-devel@redhat.com
Apr 23 20:34:21 localhost systemd-udevd[326]: Using default interface naming scheme 'rhel-9.0'.
Apr 23 20:34:21 localhost systemd[1]: Started Rule-based Manager for Device Events and Files.
Apr 23 20:34:21 localhost systemd[1]: dracut pre-trigger hook was skipped because no trigger condition checks were met.
Apr 23 20:34:21 localhost systemd[1]: Starting Coldplug All udev Devices...
Apr 23 20:34:21 localhost systemd[1]: Finished Coldplug All udev Devices.
Apr 23 20:34:21 localhost systemd[1]: Reached target System Initialization.
Apr 23 20:34:21 localhost systemd[1]: nm-initrd.service was skipped because of an unmet condition check (ConditionPathExists=/run/NetworkManager/initrd/neednet).
Apr 23 20:34:21 localhost systemd[1]: Reached target Network.
Apr 23 20:34:21 localhost systemd[1]: nm-wait-online-initrd.service was skipped because of an unmet condition check (ConditionPathExists=/run/NetworkManager/initrd/neednet).
Apr 23 20:34:21 localhost systemd[1]: Starting dracut initqueue hook...
Apr 23 20:34:21 localhost systemd[1]: Starting Show Plymouth Boot Screen...
Apr 23 20:34:21 localhost systemd[1]: Received SIGRTMIN+20 from PID 350 (plymouthd).
Apr 23 20:34:21 localhost systemd[1]: sys-module-fuse.device: Failed to enqueue SYSTEMD_WANTS= job, ignoring: Unit sys-fs-fuse-connections.mount not found.
Apr 23 20:34:21 localhost systemd[1]: Started Show Plymouth Boot Screen.
Apr 23 20:34:21 localhost systemd[1]: Dispatch Password Requests to Console Directory Watch was skipped because of an unmet condition check (ConditionPathExists=!/run/plymouth/pid).
Apr 23 20:34:21 localhost systemd[1]: Started Forward Password Requests to Plymouth Directory Watch.
Apr 23 20:34:21 localhost systemd[1]: Reached target Path Units.
Apr 23 20:34:21 localhost systemd[1]: Reached target Basic System.
Apr 23 20:34:21 localhost kernel: usb 1-2: new high-speed USB device number 3 using xhci_hcd
Apr 23 20:34:21 localhost kernel: usb 1-2: New USB device found, idVendor=0627, idProduct=0001, bcdDevice= 0.00
Apr 23 20:34:21 localhost kernel: usb 1-2: New USB device strings: Mfr=1, Product=2, SerialNumber=9
Apr 23 20:34:21 localhost kernel: usb 1-2: Product: QEMU USB Mouse
Apr 23 20:34:21 localhost kernel: usb 1-2: Manufacturer: QEMU
Apr 23 20:34:21 localhost kernel: usb 1-2: SerialNumber: 89126-0000:00:04.0-2
Apr 23 20:34:21 localhost kernel: input: QEMU QEMU USB Mouse as /devices/pci0000:00/0000:00:04.0/usb1/1-2/1-2:1.0/0003:0627:0001.0002/input/input2
Apr 23 20:34:21 localhost kernel: hid-generic 0003:0627:0001.0002: input,hidraw1: USB HID v0.01 Mouse [QEMU QEMU USB Mouse] on usb-0000:00:04.0-2/input0
Apr 23 20:34:21 localhost kernel: virtio_blk virtio2: 2/0/0 default/read/poll queues
Apr 23 20:34:21 localhost kernel: virtio_blk virtio2: [vda] 41943040 512-byte logical blocks (21.5 GB/20.0 GiB)
Apr 23 20:34:21 localhost kernel: vda: vda1 vda2 vda3
Apr 23 20:34:21 localhost kernel: ACPI: bus type drm_connector registered
Apr 23 20:34:21 localhost kernel: virtio_net virtio0 enp0s1: renamed from eth0
Apr 23 20:34:21 localhost kernel: usb 1-3: new high-speed USB device number 4 using xhci_hcd
Apr 23 20:34:21 localhost kernel: [drm] pci: virtio-gpu-pci detected at 0000:00:02.0
Apr 23 20:34:21 localhost kernel: [drm] features: -virgl +edid -resource_blob -host_visible
Apr 23 20:34:21 localhost kernel: [drm] features: -context_init
Apr 23 20:34:21 localhost kernel: [drm] number of scanouts: 1
Apr 23 20:34:21 localhost kernel: [drm] number of cap sets: 0
Apr 23 20:34:21 localhost kernel: [drm] Initialized virtio_gpu 0.1.0 0 for 0000:00:02.0 on minor 0
Apr 23 20:34:21 localhost kernel: Console: switching to colour frame buffer device 160x50
Apr 23 20:34:21 localhost kernel: virtio-pci 0000:00:02.0: [drm] fb0: virtio_gpudrmfb frame buffer device
Apr 23 20:34:21 localhost kernel: usb 1-3: New USB device found, idVendor=0627, idProduct=0001, bcdDevice= 0.00
Apr 23 20:34:21 localhost kernel: usb 1-3: New USB device strings: Mfr=1, Product=4, SerialNumber=11
Apr 23 20:34:21 localhost kernel: usb 1-3: Product: QEMU USB Keyboard
Apr 23 20:34:21 localhost kernel: usb 1-3: Manufacturer: QEMU
Apr 23 20:34:21 localhost kernel: usb 1-3: SerialNumber: 68284-0000:00:04.0-3
Apr 23 20:34:21 localhost kernel: input: QEMU QEMU USB Keyboard as /devices/pci0000:00/0000:00:04.0/usb1/1-3/1-3:1.0/0003:0627:0001.0003/input/input3
Apr 23 20:34:21 localhost kernel: hid-generic 0003:0627:0001.0003: input,hidraw2: USB HID v1.11 Keyboard [QEMU QEMU USB Keyboard] on usb-0000:00:04.0-3/input0
Apr 23 20:34:21 localhost kernel: usb 1-4: new full-speed USB device number 5 using xhci_hcd
Apr 23 20:34:22 localhost kernel: usb 1-4: New USB device found, idVendor=0409, idProduct=55aa, bcdDevice= 1.01
Apr 23 20:34:22 localhost kernel: usb 1-4: New USB device strings: Mfr=1, Product=2, SerialNumber=3
Apr 23 20:34:22 localhost kernel: usb 1-4: Product: QEMU USB Hub
Apr 23 20:34:22 localhost kernel: usb 1-4: Manufacturer: QEMU
Apr 23 20:34:22 localhost kernel: usb 1-4: SerialNumber: 314159-0000:00:04.0-4
Apr 23 20:34:22 localhost kernel: hub 1-4:1.0: USB hub found
Apr 23 20:34:22 localhost kernel: hub 1-4:1.0: 8 ports detected
Apr 23 20:34:22 localhost dracut-initqueue[414]: Scanning devices vda3  for LVM logical volumes cs/root
Apr 23 20:34:22 localhost dracut-initqueue[414]: cs/swap
Apr 23 20:34:22 localhost dracut-initqueue[414]:  cs/root linear
Apr 23 20:34:22 localhost dracut-initqueue[414]:  cs/swap linear
Apr 23 20:34:22 localhost systemd[1]: Found device /dev/mapper/cs-root.
Apr 23 20:34:22 localhost systemd[1]: Reached target Initrd Root Device.
Apr 23 20:34:22 localhost kernel: usb 1-4.1: new full-speed USB device number 6 using xhci_hcd
Apr 23 20:34:22 localhost systemd[1]: Finished dracut initqueue hook.
Apr 23 20:34:22 localhost systemd[1]: Reached target Preparation for Remote File Systems.
Apr 23 20:34:22 localhost systemd[1]: Reached target Remote File Systems.
Apr 23 20:34:22 localhost systemd[1]: Starting dracut pre-mount hook...
Apr 23 20:34:22 localhost systemd[1]: Finished dracut pre-mount hook.
Apr 23 20:34:22 localhost systemd[1]: Starting File System Check on /dev/mapper/cs-root...
Apr 23 20:34:22 localhost kernel: usb 1-4.1: not running at top speed; connect to a high speed hub
Apr 23 20:34:22 localhost kernel: usb 1-4.1: New USB device found, idVendor=46f4, idProduct=0001, bcdDevice= 0.00
Apr 23 20:34:22 localhost kernel: usb 1-4.1: New USB device strings: Mfr=1, Product=2, SerialNumber=3
Apr 23 20:34:22 localhost kernel: usb 1-4.1: Product: QEMU USB HARDDRIVE
Apr 23 20:34:22 localhost kernel: usb 1-4.1: Manufacturer: QEMU
Apr 23 20:34:22 localhost kernel: usb 1-4.1: SerialNumber: 1-0000:00:04.0-4.1
Apr 23 20:34:22 localhost kernel: usb-storage 1-4.1:1.0: USB Mass Storage device detected
Apr 23 20:34:22 localhost kernel: scsi host0: usb-storage 1-4.1:1.0
Apr 23 20:34:22 localhost kernel: usbcore: registered new interface driver usb-storage
Apr 23 20:34:22 localhost kernel: usbcore: registered new interface driver uas
Apr 23 20:34:22 localhost systemd[1]: Finished File System Check on /dev/mapper/cs-root.
Apr 23 20:34:22 localhost systemd-fsck[467]: /usr/sbin/fsck.xfs: XFS file system.
Apr 23 20:34:22 localhost systemd[1]: Mounting /sysroot...
Apr 23 20:34:22 localhost kernel: SGI XFS with ACLs, security attributes, scrub, quota, no debug enabled
Apr 23 20:34:22 localhost kernel: XFS (dm-0): Mounting V5 Filesystem c739561b-6433-4c64-b2e5-4c55d23c66be
Apr 23 20:34:22 localhost systemd[1]: Mounted /sysroot.
Apr 23 20:34:22 localhost systemd[1]: Reached target Initrd Root File System.
Apr 23 20:34:22 localhost kernel: XFS (dm-0): Ending clean mount
Apr 23 20:34:22 localhost systemd[1]: Starting Mountpoints Configured in the Real Root...
Apr 23 20:34:22 localhost systemd[1]: initrd-parse-etc.service: Deactivated successfully.
Apr 23 20:34:22 localhost systemd[1]: Finished Mountpoints Configured in the Real Root.
Apr 23 20:34:22 localhost systemd[1]: Reached target Initrd File Systems.
Apr 23 20:34:22 localhost systemd[1]: Reached target Initrd Default Target.
Apr 23 20:34:22 localhost systemd[1]: dracut mount hook was skipped because no trigger condition checks were met.
Apr 23 20:34:22 localhost systemd[1]: Starting dracut pre-pivot and cleanup hook...
Apr 23 20:34:22 localhost systemd[1]: Finished dracut pre-pivot and cleanup hook.
Apr 23 20:34:22 localhost systemd[1]: Starting Cleaning Up and Shutting Down Daemons...
Apr 23 20:34:22 localhost systemd[1]: Stopped target Network.
Apr 23 20:34:22 localhost systemd[1]: Stopped target Timer Units.
Apr 23 20:34:22 localhost systemd[1]: dbus.socket: Deactivated successfully.
Apr 23 20:34:22 localhost systemd[1]: Closed D-Bus System Message Bus Socket.
Apr 23 20:34:22 localhost systemd[1]: dracut-pre-pivot.service: Deactivated successfully.
Apr 23 20:34:22 localhost systemd[1]: Stopped dracut pre-pivot and cleanup hook.
Apr 23 20:34:22 localhost systemd[1]: Stopped target Initrd Default Target.
Apr 23 20:34:22 localhost systemd[1]: Stopped target Basic System.
Apr 23 20:34:22 localhost systemd[1]: Stopped target Initrd Root Device.
Apr 23 20:34:22 localhost systemd[1]: Stopped target Initrd /usr File System.
Apr 23 20:34:22 localhost systemd[1]: Stopped target Path Units.
Apr 23 20:34:22 localhost systemd[1]: Stopped target Remote File Systems.
Apr 23 20:34:22 localhost systemd[1]: Stopped target Preparation for Remote File Systems.
Apr 23 20:34:22 localhost systemd[1]: Stopped target Slice Units.
Apr 23 20:34:22 localhost systemd[1]: Stopped target Socket Units.
Apr 23 20:34:22 localhost systemd[1]: Stopped target System Initialization.
Apr 23 20:34:22 localhost systemd[1]: Stopped target Local File Systems.
Apr 23 20:34:22 localhost systemd[1]: Stopped target Swaps.
Apr 23 20:34:22 localhost systemd[1]: dracut-pre-mount.service: Deactivated successfully.
Apr 23 20:34:22 localhost systemd[1]: Stopped dracut pre-mount hook.
Apr 23 20:34:22 localhost systemd[1]: dracut-initqueue.service: Deactivated successfully.
Apr 23 20:34:22 localhost systemd[1]: Stopped dracut initqueue hook.
Apr 23 20:34:22 localhost systemd[1]: Starting Plymouth switch root service...
Apr 23 20:34:22 localhost systemd[1]: systemd-sysctl.service: Deactivated successfully.
Apr 23 20:34:22 localhost systemd[1]: Stopped Apply Kernel Variables.
Apr 23 20:34:22 localhost systemd[1]: systemd-modules-load.service: Deactivated successfully.
Apr 23 20:34:22 localhost systemd[1]: Stopped Load Kernel Modules.
Apr 23 20:34:22 localhost systemd[1]: systemd-tmpfiles-setup.service: Deactivated successfully.
Apr 23 20:34:22 localhost systemd[1]: Stopped Create Volatile Files and Directories.
Apr 23 20:34:22 localhost systemd[1]: systemd-udev-trigger.service: Deactivated successfully.
Apr 23 20:34:22 localhost systemd[1]: Stopped Coldplug All udev Devices.
Apr 23 20:34:22 localhost systemd[1]: Stopping Rule-based Manager for Device Events and Files...
Apr 23 20:34:22 localhost systemd[1]: initrd-cleanup.service: Deactivated successfully.
Apr 23 20:34:22 localhost systemd[1]: Finished Cleaning Up and Shutting Down Daemons.
Apr 23 20:34:22 localhost systemd[1]: Finished Plymouth switch root service.
Apr 23 20:34:22 localhost systemd[1]: systemd-udevd.service: Deactivated successfully.
Apr 23 20:34:22 localhost systemd[1]: Stopped Rule-based Manager for Device Events and Files.
Apr 23 20:34:22 localhost systemd[1]: systemd-udevd-control.socket: Deactivated successfully.
Apr 23 20:34:22 localhost systemd[1]: Closed udev Control Socket.
Apr 23 20:34:22 localhost systemd[1]: systemd-udevd-kernel.socket: Deactivated successfully.
Apr 23 20:34:22 localhost systemd[1]: Closed udev Kernel Socket.
Apr 23 20:34:22 localhost systemd[1]: dracut-pre-udev.service: Deactivated successfully.
Apr 23 20:34:22 localhost systemd[1]: Stopped dracut pre-udev hook.
Apr 23 20:34:22 localhost systemd[1]: dracut-cmdline.service: Deactivated successfully.
Apr 23 20:34:22 localhost systemd[1]: Stopped dracut cmdline hook.
Apr 23 20:34:22 localhost systemd[1]: Starting Cleanup udev Database...
Apr 23 20:34:22 localhost systemd[1]: systemd-tmpfiles-setup-dev.service: Deactivated successfully.
Apr 23 20:34:22 localhost systemd[1]: Stopped Create Static Device Nodes in /dev.
Apr 23 20:34:22 localhost systemd[1]: kmod-static-nodes.service: Deactivated successfully.
Apr 23 20:34:22 localhost systemd[1]: Stopped Create List of Static Device Nodes.
Apr 23 20:34:22 localhost systemd[1]: systemd-sysusers.service: Deactivated successfully.
Apr 23 20:34:22 localhost systemd[1]: Stopped Create System Users.
Apr 23 20:34:22 localhost systemd[1]: initrd-udevadm-cleanup-db.service: Deactivated successfully.
Apr 23 20:34:22 localhost systemd[1]: Finished Cleanup udev Database.
Apr 23 20:34:22 localhost systemd[1]: Reached target Switch Root.
Apr 23 20:34:22 localhost systemd[1]: Starting Switch Root...
Apr 23 20:34:22 localhost systemd[1]: Switching root.
Apr 23 20:34:23 localhost systemd-journald[200]: Journal stopped
Apr 23 20:34:23 localhost systemd-journald: Received SIGTERM from PID 1 (systemd).
Apr 23 20:34:23 localhost kernel: audit: type=1404 audit(1713884663.050:2): enforcing=1 old_enforcing=0 auid=4294967295 ses=4294967295 enabled=1 old-enabled=1 lsm=selinux res=1
Apr 23 20:34:23 localhost kernel: SELinux:  policy capability network_peer_controls=1
Apr 23 20:34:23 localhost kernel: SELinux:  policy capability open_perms=1
Apr 23 20:34:23 localhost kernel: SELinux:  policy capability extended_socket_class=1
Apr 23 20:34:23 localhost kernel: SELinux:  policy capability always_check_network=0
Apr 23 20:34:23 localhost kernel: SELinux:  policy capability cgroup_seclabel=1
Apr 23 20:34:23 localhost kernel: SELinux:  policy capability nnp_nosuid_transition=1
Apr 23 20:34:23 localhost kernel: SELinux:  policy capability genfs_seclabel_symlinks=1
Apr 23 20:34:23 localhost kernel: audit: type=1403 audit(1713884663.180:3): auid=4294967295 ses=4294967295 lsm=selinux res=1
Apr 23 20:34:23 localhost systemd: Successfully loaded SELinux policy in 139.321ms.
Apr 23 20:34:23 localhost systemd: Relabelled /dev, /dev/shm, /run, /sys/fs/cgroup in 12.877ms.
Apr 23 20:34:23 localhost systemd: systemd 252-27.el9 running in system mode (+PAM +AUDIT +SELINUX -APPARMOR +IMA +SMACK +SECCOMP +GCRYPT +GNUTLS +OPENSSL +ACL +BLKID +CURL +ELFUTILS -FIDO2 +IDN2 -IDN -IPTC +KMOD +LIBCRYPTSETUP +LIBFDISK +PCRE2 -PWQUALITY +P11KIT -QRENCODE +TPM2 +BZIP2 +LZ4 +XZ +ZLIB +ZSTD -BPF_FRAMEWORK +XKBCOMMON +UTMP +SYSVINIT default-hierarchy=unified)
Apr 23 20:34:23 localhost systemd: Detected virtualization qemu.
Apr 23 20:34:23 localhost systemd: Detected architecture arm64.
Apr 23 20:34:23 localhost systemd-rc-local-generator: /etc/rc.d/rc.local is not marked executable, skipping.
Apr 23 20:34:23 localhost systemd: initrd-switch-root.service: Deactivated successfully.
Apr 23 20:34:23 localhost systemd: Stopped Switch Root.
Apr 23 20:34:23 localhost systemd: systemd-journald.service: Scheduled restart job, restart counter is at 1.
Apr 23 20:34:23 localhost systemd: Created slice Slice /system/getty.
Apr 23 20:34:23 localhost systemd: Created slice Slice /system/modprobe.
Apr 23 20:34:23 localhost systemd: Created slice Slice /system/serial-getty.
Apr 23 20:34:23 localhost systemd: Created slice Slice /system/sshd-keygen.
Apr 23 20:34:23 localhost systemd: Created slice Slice /system/systemd-fsck.
Apr 23 20:34:23 localhost systemd: Created slice User and Session Slice.
Apr 23 20:34:23 localhost systemd: Dispatch Password Requests to Console Directory Watch was skipped because of an unmet condition check (ConditionPathExists=!/run/plymouth/pid).
Apr 23 20:34:23 localhost systemd: Started Forward Password Requests to Wall Directory Watch.
Apr 23 20:34:23 localhost systemd: Set up automount Arbitrary Executable File Formats File System Automount Point.
Apr 23 20:34:23 localhost systemd: Reached target Local Encrypted Volumes.
Apr 23 20:34:23 localhost systemd: Stopped target Switch Root.
Apr 23 20:34:23 localhost systemd: Stopped target Initrd File Systems.
Apr 23 20:34:23 localhost systemd: Stopped target Initrd Root File System.
Apr 23 20:34:23 localhost systemd: Reached target Local Integrity Protected Volumes.
Apr 23 20:34:23 localhost systemd: Reached target Remote File Systems.
Apr 23 20:34:23 localhost systemd: Reached target Slice Units.
Apr 23 20:34:23 localhost systemd: Reached target Local Verity Protected Volumes.
Apr 23 20:34:23 localhost systemd: Listening on Device-mapper event daemon FIFOs.
Apr 23 20:34:23 localhost systemd: Listening on LVM2 poll daemon socket.
Apr 23 20:34:23 localhost systemd: multipathd control socket was skipped because of an unmet condition check (ConditionPathExists=/etc/multipath.conf).
Apr 23 20:34:23 localhost systemd: Listening on Process Core Dump Socket.
Apr 23 20:34:23 localhost systemd: Listening on initctl Compatibility Named Pipe.
Apr 23 20:34:23 localhost systemd: Listening on udev Control Socket.
Apr 23 20:34:23 localhost systemd: Listening on udev Kernel Socket.
Apr 23 20:34:23 localhost systemd: Activating swap /dev/mapper/cs-swap...
Apr 23 20:34:23 localhost systemd: Mounting Huge Pages File System...
Apr 23 20:34:23 localhost systemd: Mounting POSIX Message Queue File System...
Apr 23 20:34:23 localhost systemd: Mounting Kernel Debug File System...
Apr 23 20:34:23 localhost systemd: Mounting Kernel Trace File System...
Apr 23 20:34:23 localhost systemd: iscsi-starter.service was skipped because of an unmet condition check (ConditionDirectoryNotEmpty=/var/lib/iscsi/nodes).
Apr 23 20:34:23 localhost kernel: Adding 2097148k swap on /dev/mapper/cs-swap.  Priority:-2 extents:1 across:2097148k FS
Apr 23 20:34:23 localhost systemd: Starting Create List of Static Device Nodes...
Apr 23 20:34:23 localhost systemd: Starting Monitoring of LVM2 mirrors, snapshots etc. using dmeventd or progress polling...
Apr 23 20:34:23 localhost systemd: Starting Load Kernel Module configfs...
Apr 23 20:34:23 localhost systemd: Starting Load Kernel Module drm...
Apr 23 20:34:23 localhost systemd: Starting Load Kernel Module fuse...
Apr 23 20:34:23 localhost systemd: Starting Read and set NIS domainname from /etc/sysconfig/network...
Apr 23 20:34:23 localhost systemd: plymouth-switch-root.service: Deactivated successfully.
Apr 23 20:34:23 localhost systemd: Stopped Plymouth switch root service.
Apr 23 20:34:23 localhost systemd: systemd-fsck-root.service: Deactivated successfully.
Apr 23 20:34:23 localhost systemd: Stopped File System Check on Root Device.
Apr 23 20:34:23 localhost systemd: Stopped Journal Service.
Apr 23 20:34:23 localhost systemd: Starting Journal Service...
Apr 23 20:34:23 localhost systemd: Starting Load Kernel Modules...
Apr 23 20:34:23 localhost systemd: Starting Generate network units from Kernel command line...
Apr 23 20:34:23 localhost systemd: TPM2 PCR Machine ID Measurement was skipped because of an unmet condition check (ConditionPathExists=/sys/firmware/efi/efivars/StubPcrKernelImage-4a67b082-0a4c-41cf-b6c7-440b29bb8c4f).
Apr 23 20:34:23 localhost systemd: Starting Remount Root and Kernel File Systems...
Apr 23 20:34:23 localhost systemd: Repartition Root Disk was skipped because no trigger condition checks were met.
Apr 23 20:34:23 localhost systemd: Starting Coldplug All udev Devices...
Apr 23 20:34:23 localhost systemd-journald[551]: Journal started
Apr 23 20:34:23 localhost systemd-journald[551]: Runtime Journal (/run/log/journal/6bfff0dfe4344249b826adb8bafbaf31) is 8.0M, max 111.8M, 103.8M free.
Apr 23 20:34:23 localhost systemd[1]: Queued start job for default target Graphical Interface.
Apr 23 20:34:23 localhost systemd[1]: systemd-journald.service: Deactivated successfully.
Apr 23 20:34:23 localhost systemd: Activated swap /dev/mapper/cs-swap.
Apr 23 20:34:23 localhost systemd: Started Journal Service.
Apr 23 20:34:23 localhost systemd[1]: Mounted Huge Pages File System.
Apr 23 20:34:23 localhost systemd[1]: Mounted POSIX Message Queue File System.
Apr 23 20:34:23 localhost systemd[1]: Mounted Kernel Debug File System.
Apr 23 20:34:23 localhost systemd[1]: Mounted Kernel Trace File System.
Apr 23 20:34:23 localhost systemd[1]: Finished Create List of Static Device Nodes.
Apr 23 20:34:23 localhost systemd[1]: modprobe@configfs.service: Deactivated successfully.
Apr 23 20:34:23 localhost systemd[1]: Finished Load Kernel Module configfs.
Apr 23 20:34:23 localhost systemd[1]: modprobe@drm.service: Deactivated successfully.
Apr 23 20:34:23 localhost systemd[1]: Finished Load Kernel Module drm.
Apr 23 20:34:23 localhost systemd[1]: modprobe@fuse.service: Deactivated successfully.
Apr 23 20:34:23 localhost systemd[1]: Finished Load Kernel Module fuse.
Apr 23 20:34:23 localhost systemd[1]: Finished Read and set NIS domainname from /etc/sysconfig/network.
Apr 23 20:34:23 localhost systemd[1]: Finished Load Kernel Modules.
Apr 23 20:34:23 localhost systemd[1]: Finished Generate network units from Kernel command line.
Apr 23 20:34:23 localhost systemd[1]: Finished Remount Root and Kernel File Systems.
Apr 23 20:34:23 localhost systemd[1]: Reached target Swaps.
Apr 23 20:34:23 localhost systemd[1]: Mounting FUSE Control File System...
Apr 23 20:34:23 localhost systemd[1]: Mounting Kernel Configuration File System...
Apr 23 20:34:23 localhost systemd[1]: Special handling of early boot iSCSI sessions was skipped because of an unmet condition check (ConditionDirectoryNotEmpty=/sys/class/iscsi_session).
Apr 23 20:34:23 localhost systemd[1]: OSTree Remount OS/ Bind Mounts was skipped because of an unmet condition check (ConditionKernelCommandLine=ostree).
Apr 23 20:34:23 localhost systemd[1]: First Boot Wizard was skipped because of an unmet condition check (ConditionFirstBoot=yes).
Apr 23 20:34:23 localhost lvm[546]:  2 logical volume(s) in volume group "cs" monitored
Apr 23 20:34:23 localhost systemd[1]: Starting Rebuild Hardware Database...
Apr 23 20:34:23 localhost systemd[1]: Starting Flush Journal to Persistent Storage...
Apr 23 20:34:23 localhost systemd[1]: Starting Load/Save Random Seed...
Apr 23 20:34:23 localhost systemd[1]: Starting Apply Kernel Variables...
Apr 23 20:34:23 localhost systemd-journald[551]: Runtime Journal (/run/log/journal/6bfff0dfe4344249b826adb8bafbaf31) is 8.0M, max 111.8M, 103.8M free.
Apr 23 20:34:23 localhost systemd[1]: Starting Create System Users...
Apr 23 20:34:23 localhost systemd[1]: Mounted FUSE Control File System.
Apr 23 20:34:23 localhost systemd[1]: Mounted Kernel Configuration File System.
Apr 23 20:34:23 localhost systemd[1]: Finished Flush Journal to Persistent Storage.
Apr 23 20:34:23 localhost systemd[1]: Finished Load/Save Random Seed.
Apr 23 20:34:23 localhost systemd[1]: First Boot Complete was skipped because of an unmet condition check (ConditionFirstBoot=yes).
Apr 23 20:34:23 localhost systemd-journald[551]: Received client request to flush runtime journal.
Apr 23 20:34:23 localhost systemd[1]: Finished Create System Users.
Apr 23 20:34:23 localhost systemd[1]: Finished Coldplug All udev Devices.
Apr 23 20:34:23 localhost systemd[1]: Starting Create Static Device Nodes in /dev...
Apr 23 20:34:23 localhost systemd[1]: Starting Wait for udev To Complete Device Initialization...
Apr 23 20:34:23 localhost systemd[1]: Finished Apply Kernel Variables.
Apr 23 20:34:23 localhost udevadm[567]: systemd-udev-settle.service is deprecated. Please fix multipathd.service not to pull it in.
Apr 23 20:34:23 localhost systemd[1]: Finished Create Static Device Nodes in /dev.
Apr 23 20:34:23 localhost systemd[1]: Finished Monitoring of LVM2 mirrors, snapshots etc. using dmeventd or progress polling.
Apr 23 20:34:23 localhost systemd[1]: Finished Rebuild Hardware Database.
Apr 23 20:34:23 localhost kernel: scsi 0:0:0:0: CD-ROM            QEMU     QEMU CD-ROM      2.5+ PQ: 0 ANSI: 5
Apr 23 20:34:23 localhost systemd[1]: Starting Rule-based Manager for Device Events and Files...
Apr 23 20:34:23 localhost systemd-udevd[569]: Using default interface naming scheme 'rhel-9.0'.
Apr 23 20:34:23 localhost systemd[1]: Started Rule-based Manager for Device Events and Files.
Apr 23 20:34:23 localhost systemd[1]: Auto-connect to subsystems on FC-NVME devices found during boot was skipped because of an unmet condition check (ConditionPathExists=/sys/class/fc/fc_udev_device/nvme_discovery).
Apr 23 20:34:23 localhost systemd[1]: Starting Load Kernel Module fuse...
Apr 23 20:34:23 localhost systemd[1]: modprobe@fuse.service: Deactivated successfully.
Apr 23 20:34:23 localhost systemd[1]: Finished Load Kernel Module fuse.
Apr 23 20:34:23 localhost systemd[1]: Starting Load Kernel Module configfs...
Apr 23 20:34:23 localhost systemd[1]: modprobe@configfs.service: Deactivated successfully.
Apr 23 20:34:23 localhost systemd[1]: Finished Load Kernel Module configfs.
Apr 23 20:34:23 localhost systemd[1]: Condition check resulted in /dev/ttyAMA0 being skipped.
Apr 23 20:34:23 localhost systemd[1]: Condition check resulted in /dev/disk/by-uuid/63B1-26E9 being skipped.
Apr 23 20:34:23 localhost systemd[1]: Condition check resulted in /dev/disk/by-uuid/e261bb61-565c-4f75-9d23-e21235674ef2 being skipped.
Apr 23 20:34:23 localhost mtp-probe[602]: checking bus 1, device 2: "/sys/devices/pci0000:00/0000:00:04.0/usb1/1-1"
Apr 23 20:34:23 localhost mtp-probe[602]: bus: 1, device: 2 was not an MTP device
Apr 23 20:34:23 localhost mtp-probe[600]: checking bus 1, device 3: "/sys/devices/pci0000:00/0000:00:04.0/usb1/1-2"
Apr 23 20:34:23 localhost mtp-probe[600]: bus: 1, device: 3 was not an MTP device
Apr 23 20:34:23 localhost lvm[598]: PV /dev/vda3 online, VG cs is complete.
Apr 23 20:34:23 localhost mtp-probe[601]: checking bus 1, device 4: "/sys/devices/pci0000:00/0000:00:04.0/usb1/1-3"
Apr 23 20:34:23 localhost mtp-probe[601]: bus: 1, device: 4 was not an MTP device
Apr 23 20:34:23 localhost systemd[1]: Condition check resulted in /dev/virtio-ports/org.qemu.guest_agent.0 being skipped.
Apr 23 20:34:23 localhost systemd[1]: Dispatch Password Requests to Console Directory Watch was skipped because of an unmet condition check (ConditionPathExists=!/run/plymouth/pid).
Apr 23 20:34:23 localhost systemd[1]: Special handling of early boot iSCSI sessions was skipped because of an unmet condition check (ConditionDirectoryNotEmpty=/sys/class/iscsi_session).
Apr 23 20:34:23 localhost systemd[1]: iscsi-starter.service was skipped because of an unmet condition check (ConditionDirectoryNotEmpty=/var/lib/iscsi/nodes).
Apr 23 20:34:23 localhost systemd[1]: OSTree Remount OS/ Bind Mounts was skipped because of an unmet condition check (ConditionKernelCommandLine=ostree).
Apr 23 20:34:23 localhost systemd[1]: First Boot Wizard was skipped because of an unmet condition check (ConditionFirstBoot=yes).
Apr 23 20:34:23 localhost systemd[1]: First Boot Complete was skipped because of an unmet condition check (ConditionFirstBoot=yes).
Apr 23 20:34:23 localhost systemd[1]: TPM2 PCR Machine ID Measurement was skipped because of an unmet condition check (ConditionPathExists=/sys/firmware/efi/efivars/StubPcrKernelImage-4a67b082-0a4c-41cf-b6c7-440b29bb8c4f).
Apr 23 20:34:23 localhost systemd[1]: Repartition Root Disk was skipped because no trigger condition checks were met.
Apr 23 20:34:23 localhost systemd[1]: Dispatch Password Requests to Console Directory Watch was skipped because of an unmet condition check (ConditionPathExists=!/run/plymouth/pid).
Apr 23 20:34:23 localhost systemd[1]: Special handling of early boot iSCSI sessions was skipped because of an unmet condition check (ConditionDirectoryNotEmpty=/sys/class/iscsi_session).
Apr 23 20:34:23 localhost systemd[1]: iscsi-starter.service was skipped because of an unmet condition check (ConditionDirectoryNotEmpty=/var/lib/iscsi/nodes).
Apr 23 20:34:23 localhost systemd[1]: OSTree Remount OS/ Bind Mounts was skipped because of an unmet condition check (ConditionKernelCommandLine=ostree).
Apr 23 20:34:23 localhost systemd[1]: First Boot Wizard was skipped because of an unmet condition check (ConditionFirstBoot=yes).
Apr 23 20:34:23 localhost systemd[1]: First Boot Complete was skipped because of an unmet condition check (ConditionFirstBoot=yes).
Apr 23 20:34:23 localhost systemd[1]: TPM2 PCR Machine ID Measurement was skipped because of an unmet condition check (ConditionPathExists=/sys/firmware/efi/efivars/StubPcrKernelImage-4a67b082-0a4c-41cf-b6c7-440b29bb8c4f).
Apr 23 20:34:23 localhost systemd[1]: Repartition Root Disk was skipped because no trigger condition checks were met.
Apr 23 20:34:23 localhost mtp-probe[608]: checking bus 1, device 6: "/sys/devices/pci0000:00/0000:00:04.0/usb1/1-4/1-4.1"
Apr 23 20:34:23 localhost mtp-probe[608]: bus: 1, device: 6 was not an MTP device
Apr 23 20:34:23 localhost kernel: scsi 0:0:0:0: Attached scsi generic sg0 type 5
Apr 23 20:34:23 localhost kernel: sr 0:0:0:0: [sr0] scsi3-mmc drive: 16x/50x cd/rw xa/form2 cdda tray
Apr 23 20:34:23 localhost kernel: cdrom: Uniform CD-ROM driver Revision: 3.20
Apr 23 20:34:23 localhost systemd[1]: Started /usr/sbin/lvm vgchange -aay --autoactivation event cs.
Apr 23 20:34:23 localhost lvm[622]:  2 logical volume(s) in volume group "cs" now active
Apr 23 20:34:23 localhost systemd[1]: lvm-activate-cs.service: Deactivated successfully.
Apr 23 20:34:24 localhost systemd[1]: Finished Wait for udev To Complete Device Initialization.
Apr 23 20:34:24 localhost systemd[1]: Device-Mapper Multipath Device Controller was skipped because of an unmet condition check (ConditionPathExists=/etc/multipath.conf).
Apr 23 20:34:24 localhost systemd[1]: Reached target Preparation for Local File Systems.
Apr 23 20:34:24 localhost systemd[1]: Starting File System Check on /dev/disk/by-uuid/63B1-26E9...
Apr 23 20:34:24 localhost systemd-fsck[644]: fsck.fat 4.2 (2021-01-31)
Apr 23 20:34:24 localhost systemd-fsck[644]: /dev/vda1: 13 files, 1773/153290 clusters
Apr 23 20:34:24 localhost systemd[1]: Finished File System Check on /dev/disk/by-uuid/63B1-26E9.
Apr 23 20:34:24 localhost systemd[1]: Mounting /boot...
Apr 23 20:34:24 localhost kernel: XFS (vda2): Mounting V5 Filesystem e261bb61-565c-4f75-9d23-e21235674ef2
Apr 23 20:34:24 localhost systemd[1]: Mounted /boot.
Apr 23 20:34:24 localhost systemd[1]: Mounting /boot/efi...
Apr 23 20:34:24 localhost kernel: XFS (vda2): Ending clean mount
Apr 23 20:34:24 localhost systemd[1]: Mounted /boot/efi.
Apr 23 20:34:24 localhost systemd[1]: Reached target Local File Systems.
Apr 23 20:34:24 localhost systemd[1]: Starting Rebuild Dynamic Linker Cache...
Apr 23 20:34:24 localhost systemd[1]: Starting Tell Plymouth To Write Out Runtime Data...
Apr 23 20:34:24 localhost systemd[1]: Mark the need to relabel after reboot was skipped because of an unmet condition check (ConditionSecurity=!selinux).
Apr 23 20:34:24 localhost systemd[1]: Set Up Additional Binary Formats was skipped because no trigger condition checks were met.
Apr 23 20:34:24 localhost systemd[1]: Store a System Token in an EFI Variable was skipped because of an unmet condition check (ConditionPathExists=/sys/firmware/efi/efivars/LoaderFeatures-4a67b082-0a4c-41cf-b6c7-440b29bb8c4f).
Apr 23 20:34:24 localhost systemd[1]: Starting Automatic Boot Loader Update...
Apr 23 20:34:24 localhost systemd[1]: Commit a transient machine-id on disk was skipped because of an unmet condition check (ConditionPathIsMountPoint=/etc/machine-id).
Apr 23 20:34:24 localhost systemd[1]: Starting Create Volatile Files and Directories...
Apr 23 20:34:24 localhost systemd[1]: Finished Automatic Boot Loader Update.
Apr 23 20:34:24 localhost systemd[1]: Received SIGRTMIN+20 from PID 350 (plymouthd).
Apr 23 20:34:24 localhost systemd[1]: Finished Tell Plymouth To Write Out Runtime Data.
Apr 23 20:34:24 localhost systemd[1]: Finished Create Volatile Files and Directories.
Apr 23 20:34:24 localhost systemd[1]: Starting Security Auditing Service...
Apr 23 20:34:24 localhost systemd[1]: Starting Rebuild Journal Catalog...
Apr 23 20:34:24 localhost auditd[663]: audit dispatcher initialized with q_depth=2000 and 1 active plugins
Apr 23 20:34:24 localhost auditd[663]: Init complete, auditd 3.1.2 listening for events (startup state enable)
Apr 23 20:34:24 localhost systemd[1]: Finished Rebuild Journal Catalog.
Apr 23 20:34:24 localhost augenrules[668]: /sbin/augenrules: No change
Apr 23 20:34:24 localhost augenrules[678]: No rules
Apr 23 20:34:24 localhost augenrules[678]: enabled 1
Apr 23 20:34:24 localhost augenrules[678]: failure 1
Apr 23 20:34:24 localhost augenrules[678]: pid 663
Apr 23 20:34:24 localhost augenrules[678]: rate_limit 0
Apr 23 20:34:24 localhost augenrules[678]: backlog_limit 8192
Apr 23 20:34:24 localhost augenrules[678]: lost 0
Apr 23 20:34:24 localhost augenrules[678]: backlog 2
Apr 23 20:34:24 localhost augenrules[678]: backlog_wait_time 6000
Apr 23 20:34:24 localhost augenrules[678]: backlog_wait_time_actual 0
Apr 23 20:34:24 localhost augenrules[678]: enabled 1
Apr 23 20:34:24 localhost augenrules[678]: failure 1
Apr 23 20:34:24 localhost augenrules[678]: pid 663
Apr 23 20:34:24 localhost augenrules[678]: rate_limit 0
Apr 23 20:34:24 localhost augenrules[678]: backlog_limit 8192
Apr 23 20:34:24 localhost augenrules[678]: lost 0
Apr 23 20:34:24 localhost augenrules[678]: backlog 4
Apr 23 20:34:24 localhost augenrules[678]: backlog_wait_time 6000
Apr 23 20:34:24 localhost augenrules[678]: backlog_wait_time_actual 0
Apr 23 20:34:24 localhost augenrules[678]: enabled 1
Apr 23 20:34:24 localhost augenrules[678]: failure 1
Apr 23 20:34:24 localhost augenrules[678]: pid 663
Apr 23 20:34:24 localhost augenrules[678]: rate_limit 0
Apr 23 20:34:24 localhost augenrules[678]: backlog_limit 8192
Apr 23 20:34:24 localhost augenrules[678]: lost 0
Apr 23 20:34:24 localhost augenrules[678]: backlog 8
Apr 23 20:34:24 localhost augenrules[678]: backlog_wait_time 60000
Apr 23 20:34:24 localhost augenrules[678]: backlog_wait_time_actual 0
Apr 23 20:34:24 localhost systemd[1]: Started Security Auditing Service.
Apr 23 20:34:24 localhost systemd[1]: Starting Record System Boot/Shutdown in UTMP...
Apr 23 20:34:24 localhost systemd[1]: Finished Record System Boot/Shutdown in UTMP.
Apr 23 20:34:24 localhost systemd[1]: Finished Rebuild Dynamic Linker Cache.
Apr 23 20:34:24 localhost systemd[1]: Starting Update is Completed...
Apr 23 20:34:24 localhost systemd[1]: Finished Update is Completed.
Apr 23 20:34:24 localhost systemd[1]: Reached target System Initialization.
Apr 23 20:34:24 localhost systemd[1]: Started CUPS Scheduler.
Apr 23 20:34:24 localhost systemd[1]: Started dnf makecache --timer.
Apr 23 20:34:24 localhost systemd[1]: Started Daily rotation of log files.
Apr 23 20:34:24 localhost systemd[1]: Started Updates mlocate database every day.
Apr 23 20:34:24 localhost systemd[1]: Started Daily Cleanup of Temporary Directories.
Apr 23 20:34:24 localhost systemd[1]: Reached target Path Units.
Apr 23 20:34:24 localhost systemd[1]: Reached target Timer Units.
Apr 23 20:34:24 localhost systemd[1]: Listening on Avahi mDNS/DNS-SD Stack Activation Socket.
Apr 23 20:34:24 localhost systemd[1]: Listening on CUPS Scheduler.
Apr 23 20:34:24 localhost systemd[1]: Listening on D-Bus System Message Bus Socket.
Apr 23 20:34:24 localhost systemd[1]: Listening on Open-iSCSI iscsid Socket.
Apr 23 20:34:24 localhost systemd[1]: Listening on Open-iSCSI iscsiuio Socket.
Apr 23 20:34:24 localhost systemd[1]: Listening on Activation socket for spice guest agent daemon.
Apr 23 20:34:24 localhost systemd[1]: Listening on SSSD Kerberos Cache Manager responder socket.
Apr 23 20:34:24 localhost systemd[1]: Reached target Socket Units.
Apr 23 20:34:24 localhost systemd[1]: Starting D-Bus System Message Bus...
Apr 23 20:34:24 localhost systemd[1]: TPM2 PCR Barrier (Initialization) was skipped because of an unmet condition check (ConditionPathExists=/sys/firmware/efi/efivars/StubPcrKernelImage-4a67b082-0a4c-41cf-b6c7-440b29bb8c4f).
Apr 23 20:34:24 localhost systemd[1]: Started D-Bus System Message Bus.
Apr 23 20:34:24 localhost systemd[1]: Reached target Basic System.
Apr 23 20:34:24 localhost systemd[1]: Starting Avahi mDNS/DNS-SD Stack...
Apr 23 20:34:24 localhost systemd[1]: Starting NTP client/server...
Apr 23 20:34:24 localhost systemd[1]: Starting Restore /run/initramfs on shutdown...
Apr 23 20:34:24 localhost avahi-daemon[689]: Found user 'avahi' (UID 70) and group 'avahi' (GID 70).
Apr 23 20:34:24 localhost dbus-broker-lau[687]: Ready
Apr 23 20:34:24 localhost systemd[1]: Started irqbalance daemon.
Apr 23 20:34:24 localhost systemd[1]: Started libstoragemgmt plug-in server daemon.
Apr 23 20:34:24 localhost systemd[1]: Low Memory Monitor was skipped because of an unmet condition check (ConditionPathExists=/proc/pressure).
Apr 23 20:34:24 localhost systemd[1]: Software RAID monitoring and management was skipped because of an unmet condition check (ConditionPathExists=/etc/mdadm.conf).
Apr 23 20:34:24 localhost systemd[1]: Read-Only Sysroot Migration was skipped because of an unmet condition check (ConditionPathIsReadWrite=/sysroot).
Apr 23 20:34:24 localhost systemd[1]: Starting Authorization Manager...
Apr 23 20:34:24 localhost systemd[1]: Started QEMU Guest Agent.
Apr 23 20:34:24 localhost systemd[1]: Starting RealtimeKit Scheduling Policy Service...
Apr 23 20:34:24 localhost systemd[1]: Self Monitoring and Reporting Technology (SMART) Daemon was skipped because of an unmet condition check (ConditionVirtualization=no).
Apr 23 20:34:24 localhost systemd[1]: Starting OpenSSH ecdsa Server Key Generation...
Apr 23 20:34:24 localhost systemd[1]: Starting OpenSSH ed25519 Server Key Generation...
Apr 23 20:34:24 localhost systemd[1]: Starting OpenSSH rsa Server Key Generation...
Apr 23 20:34:24 localhost systemd[1]: System Security Services Daemon was skipped because no trigger condition checks were met.
Apr 23 20:34:24 localhost systemd[1]: Reached target User and Group Name Lookups.
Apr 23 20:34:24 localhost systemd[1]: Starting Accounts Service...
Apr 23 20:34:24 localhost systemd[1]: Starting Switcheroo Control Proxy service...
Apr 23 20:34:24 localhost systemd[1]: Starting User Login Management...
Apr 23 20:34:24 localhost systemd[1]: TPM2 PCR Barrier (User) was skipped because of an unmet condition check (ConditionPathExists=/sys/firmware/efi/efivars/StubPcrKernelImage-4a67b082-0a4c-41cf-b6c7-440b29bb8c4f).
Apr 23 20:34:24 localhost systemd[1]: Starting Disk Manager...
Apr 23 20:34:25 localhost systemd[1]: Starting Daemon for power management...
Apr 23 20:34:25 localhost systemd[1]: VGAuth Service for open-vm-tools was skipped because of an unmet condition check (ConditionVirtualization=vmware).
Apr 23 20:34:25 localhost systemd[1]: Service for virtual machines hosted on VMware was skipped because of an unmet condition check (ConditionVirtualization=vmware).
Apr 23 20:34:25 localhost systemd[1]: Finished Restore /run/initramfs on shutdown.
Apr 23 20:34:25 localhost avahi-daemon[689]: Successfully dropped root privileges.
Apr 23 20:34:25 localhost avahi-daemon[689]: avahi-daemon 0.8 starting up.
Apr 23 20:34:25 localhost avahi-daemon[689]: WARNING: No NSS support for mDNS detected, consider installing nss-mdns!
Apr 23 20:34:25 localhost avahi-daemon[689]: Successfully called chroot().
Apr 23 20:34:25 localhost avahi-daemon[689]: Successfully dropped remaining capabilities.
Apr 23 20:34:25 localhost avahi-daemon[689]: No service file found in /etc/avahi/services.
Apr 23 20:34:25 localhost avahi-daemon[689]: System host name is set to 'localhost'. This is not a suitable mDNS host name, looking for alternatives.
Apr 23 20:34:25 localhost avahi-daemon[689]: Joining mDNS multicast group on interface lo.IPv6 with address ::1.
Apr 23 20:34:25 localhost avahi-daemon[689]: New relevant interface lo.IPv6 for mDNS.
Apr 23 20:34:25 localhost avahi-daemon[689]: Joining mDNS multicast group on interface lo.IPv4 with address 127.0.0.1.
Apr 23 20:34:25 localhost avahi-daemon[689]: New relevant interface lo.IPv4 for mDNS.
Apr 23 20:34:25 localhost avahi-daemon[689]: Network interface enumeration completed.
Apr 23 20:34:25 localhost avahi-daemon[689]: Registering new address record for ::1 on lo.*.
Apr 23 20:34:25 localhost avahi-daemon[689]: Registering new address record for 127.0.0.1 on lo.IPv4.
Apr 23 20:34:25 localhost avahi-daemon[689]: Failed to parse address 'fe80::50a6:d8ff:fedb:c264%enp0s1', ignoring.
Apr 23 20:34:25 localhost polkitd[694]: Started polkitd version 0.117
Apr 23 20:34:25 localhost systemd[1]: Started Avahi mDNS/DNS-SD Stack.
Apr 23 20:34:25 localhost systemd[1]: Started RealtimeKit Scheduling Policy Service.
Apr 23 20:34:25 localhost systemd[1]: Starting Realm and Domain Configuration...
Apr 23 20:34:25 localhost udisksd[705]: udisks daemon version 2.9.4 starting
Apr 23 20:34:25 localhost systemd[1]: sshd-keygen@ecdsa.service: Deactivated successfully.
Apr 23 20:34:25 localhost systemd[1]: Finished OpenSSH ecdsa Server Key Generation.
Apr 23 20:34:25 localhost systemd[1]: sshd-keygen@ed25519.service: Deactivated successfully.
Apr 23 20:34:25 localhost systemd[1]: Finished OpenSSH ed25519 Server Key Generation.
Apr 23 20:34:25 localhost systemd[1]: Started Realm and Domain Configuration.
Apr 23 20:34:25 localhost systemd[1]: Started Switcheroo Control Proxy service.
Apr 23 20:34:25 localhost chronyd[748]: chronyd version 4.5 starting (+CMDMON +NTP +REFCLOCK +RTC +PRIVDROP +SCFILTER +SIGND +ASYNCDNS +NTS +SECHASH +IPV6 +DEBUG)
Apr 23 20:34:25 localhost chronyd[748]: Loaded 0 symmetric keys
Apr 23 20:34:25 localhost chronyd[748]: Using right/UTC timezone to obtain leap second data
Apr 23 20:34:25 localhost chronyd[748]: Loaded seccomp filter (level 2)
Apr 23 20:34:25 localhost systemd[1]: Started NTP client/server.
Apr 23 20:34:25 localhost systemd[1]: Starting Load Kernel Module drm...
Apr 23 20:34:25 localhost systemd[1]: modprobe@drm.service: Deactivated successfully.
Apr 23 20:34:25 localhost systemd[1]: Finished Load Kernel Module drm.
Apr 23 20:34:25 localhost systemd[1]: Started Authorization Manager.
Apr 23 20:34:25 localhost accounts-daemon[701]: started daemon version 0.6.55
Apr 23 20:34:25 localhost systemd[1]: Starting Modem Manager...
Apr 23 20:34:25 localhost systemd[1]: Starting firewalld - dynamic firewall daemon...
Apr 23 20:34:25 localhost systemd[1]: Started Accounts Service.
Apr 23 20:34:25 localhost ModemManager[756]: <info>  ModemManager (version 1.20.2-1.el9) starting in system bus...
Apr 23 20:34:25 localhost systemd-logind[704]: New seat seat0.
Apr 23 20:34:25 localhost systemd[1]: Started Modem Manager.
Apr 23 20:34:25 localhost kernel: NET: Registered PF_QIPCRTR protocol family
Apr 23 20:34:25 localhost systemd-logind[704]: Watching system buttons on /dev/input/event0 (Power Button)
Apr 23 20:34:25 localhost systemd-logind[704]: Watching system buttons on /dev/input/event3 (QEMU QEMU USB Keyboard)
Apr 23 20:34:25 localhost systemd[1]: Started User Login Management.
Apr 23 20:34:25 localhost systemd[1]: Started Daemon for power management.
Apr 23 20:34:25 localhost systemd[1]: Started Disk Manager.
Apr 23 20:34:25 localhost udisksd[705]: Acquired the name org.freedesktop.UDisks2 on the system message bus
Apr 23 20:34:25 localhost systemd[1]: Started firewalld - dynamic firewall daemon.
Apr 23 20:34:25 localhost systemd[1]: Reached target Preparation for Network.
Apr 23 20:34:25 localhost systemd[1]: Starting Network Manager...
Apr 23 20:34:25 localhost NetworkManager[823]: <info>  [1713884665.6044] NetworkManager (version 1.47.2-1.el9) is starting... (boot:9bce59a8-4e41-4bc8-8fdb-4c58b3a00cca)
Apr 23 20:34:25 localhost NetworkManager[823]: <info>  [1713884665.6045] Read config: /etc/NetworkManager/NetworkManager.conf (lib: 00-server.conf) (run: 15-carrier-timeout.conf)
Apr 23 20:34:25 localhost kernel: Warning: Unmaintained driver is detected: ip_set
Apr 23 20:34:25 localhost NetworkManager[823]: <info>  [1713884665.6077] manager[0xaaaadfc65080]: monitoring kernel firmware directory '/lib/firmware'.
Apr 23 20:34:25 localhost systemd[1]: Starting Hostname Service...
Apr 23 20:34:25 localhost systemd[1]: Started Hostname Service.
Apr 23 20:34:25 localhost NetworkManager[823]: <info>  [1713884665.6420] hostname: hostname: using hostnamed
Apr 23 20:34:25 localhost NetworkManager[823]: <info>  [1713884665.6426] dns-mgr: init: dns=default,systemd-resolved rc-manager=symlink (auto)
Apr 23 20:34:25 localhost NetworkManager[823]: <info>  [1713884665.6429] policy: set-hostname: set hostname to 'localhost.localdomain' (no hostname found)
Apr 23 20:34:25 localhost systemd-hostnamed[839]: Hostname set to <localhost.localdomain> (transient)
Apr 23 20:34:25 localhost NetworkManager[823]: <info>  [1713884665.6613] manager[0xaaaadfc65080]: rfkill: Wi-Fi hardware radio set enabled
Apr 23 20:34:25 localhost NetworkManager[823]: <info>  [1713884665.6614] manager[0xaaaadfc65080]: rfkill: WWAN hardware radio set enabled
Apr 23 20:34:25 localhost systemd[1]: Listening on Load/Save RF Kill Switch Status /dev/rfkill Watch.
Apr 23 20:34:25 localhost NetworkManager[823]: <info>  [1713884665.6664] Loaded device plugin: NMBluezManager (/usr/lib64/NetworkManager/1.47.2-1.el9/libnm-device-plugin-bluetooth.so)
Apr 23 20:34:25 localhost NetworkManager[823]: <info>  [1713884665.6780] Loaded device plugin: NMAtmManager (/usr/lib64/NetworkManager/1.47.2-1.el9/libnm-device-plugin-adsl.so)
Apr 23 20:34:25 localhost NetworkManager[823]: <info>  [1713884665.6792] Loaded device plugin: NMWifiFactory (/usr/lib64/NetworkManager/1.47.2-1.el9/libnm-device-plugin-wifi.so)
Apr 23 20:34:25 localhost NetworkManager[823]: <info>  [1713884665.6809] Loaded device plugin: NMTeamFactory (/usr/lib64/NetworkManager/1.47.2-1.el9/libnm-device-plugin-team.so)
Apr 23 20:34:25 localhost NetworkManager[823]: <info>  [1713884665.6811] Loaded device plugin: NMWwanFactory (/usr/lib64/NetworkManager/1.47.2-1.el9/libnm-device-plugin-wwan.so)
Apr 23 20:34:25 localhost NetworkManager[823]: <info>  [1713884665.6812] manager: rfkill: Wi-Fi enabled by radio killswitch; enabled by state file
Apr 23 20:34:25 localhost NetworkManager[823]: <info>  [1713884665.6814] manager: rfkill: WWAN enabled by radio killswitch; enabled by state file
Apr 23 20:34:25 localhost NetworkManager[823]: <info>  [1713884665.6814] manager: Networking is enabled by state file
Apr 23 20:34:25 localhost NetworkManager[823]: <info>  [1713884665.6818] settings: Loaded settings plugin: keyfile (internal)
Apr 23 20:34:25 localhost NetworkManager[823]: <info>  [1713884665.6842] settings: Loaded settings plugin: ifcfg-rh ("/usr/lib64/NetworkManager/1.47.2-1.el9/libnm-settings-plugin-ifcfg-rh.so")
Apr 23 20:34:25 localhost NetworkManager[823]: <info>  [1713884665.6978] dhcp: init: Using DHCP client 'internal'
Apr 23 20:34:25 localhost NetworkManager[823]: <info>  [1713884665.6979] manager: (lo): new Loopback device (/org/freedesktop/NetworkManager/Devices/1)
Apr 23 20:34:25 localhost NetworkManager[823]: <info>  [1713884665.6984] device (lo): state change: unmanaged -> unavailable (reason 'connection-assumed', sys-iface-state: 'external')
Apr 23 20:34:25 localhost NetworkManager[823]: <info>  [1713884665.6986] device (lo): state change: unavailable -> disconnected (reason 'connection-assumed', sys-iface-state: 'external')
Apr 23 20:34:25 localhost NetworkManager[823]: <info>  [1713884665.6989] device (lo): Activation: starting connection 'lo' (b292381a-ba58-42f0-9246-852f398357ab)
Apr 23 20:34:25 localhost NetworkManager[823]: <info>  [1713884665.6992] manager: (enp0s1): new Ethernet device (/org/freedesktop/NetworkManager/Devices/2)
Apr 23 20:34:25 localhost NetworkManager[823]: <info>  [1713884665.6993] device (enp0s1): state change: unmanaged -> unavailable (reason 'managed', sys-iface-state: 'external')
Apr 23 20:34:25 localhost NetworkManager[823]: <info>  [1713884665.7003] bus-manager: acquired D-Bus service "org.freedesktop.NetworkManager"
Apr 23 20:34:25 localhost NetworkManager[823]: <info>  [1713884665.7007] device (lo): state change: disconnected -> prepare (reason 'none', sys-iface-state: 'external')
Apr 23 20:34:25 localhost NetworkManager[823]: <info>  [1713884665.7008] device (lo): state change: prepare -> config (reason 'none', sys-iface-state: 'external')
Apr 23 20:34:25 localhost NetworkManager[823]: <info>  [1713884665.7009] device (lo): state change: config -> ip-config (reason 'none', sys-iface-state: 'external')
Apr 23 20:34:25 localhost NetworkManager[823]: <info>  [1713884665.7009] device (enp0s1): carrier: link connected
Apr 23 20:34:25 localhost NetworkManager[823]: <info>  [1713884665.7010] device (lo): state change: ip-config -> ip-check (reason 'none', sys-iface-state: 'external')
Apr 23 20:34:25 localhost NetworkManager[823]: <info>  [1713884665.7012] device (enp0s1): state change: unavailable -> disconnected (reason 'carrier-changed', sys-iface-state: 'managed')
Apr 23 20:34:25 localhost NetworkManager[823]: <info>  [1713884665.7021] modem-manager: ModemManager available
Apr 23 20:34:25 localhost NetworkManager[823]: <info>  [1713884665.7022] policy: auto-activating connection 'enp0s1' (3d3e5093-824f-3e06-b66c-d60acd7ababc)
Apr 23 20:34:25 localhost NetworkManager[823]: <info>  [1713884665.7023] device (enp0s1): Activation: starting connection 'enp0s1' (3d3e5093-824f-3e06-b66c-d60acd7ababc)
Apr 23 20:34:25 localhost NetworkManager[823]: <info>  [1713884665.7023] device (enp0s1): state change: disconnected -> prepare (reason 'none', sys-iface-state: 'managed')
Apr 23 20:34:25 localhost NetworkManager[823]: <info>  [1713884665.7024] manager: NetworkManager state is now CONNECTING
Apr 23 20:34:25 localhost NetworkManager[823]: <info>  [1713884665.7025] device (enp0s1): state change: prepare -> config (reason 'none', sys-iface-state: 'managed')
Apr 23 20:34:25 localhost systemd[1]: Starting Network Manager Script Dispatcher Service...
Apr 23 20:34:25 localhost systemd[1]: Started Network Manager.
Apr 23 20:34:25 localhost systemd[1]: Reached target Network.
Apr 23 20:34:25 localhost systemd[1]: Starting Network Manager Wait Online...
Apr 23 20:34:25 localhost systemd[1]: Starting CUPS Scheduler...
Apr 23 20:34:25 localhost systemd[1]: Starting Permit User Sessions...
Apr 23 20:34:25 localhost systemd[1]: Starting Dynamic System Tuning Daemon...
Apr 23 20:34:25 localhost systemd[1]: Started Network Manager Script Dispatcher Service.
Apr 23 20:34:25 localhost NetworkManager[823]: <info>  [1713884665.7148] device (lo): state change: ip-check -> secondaries (reason 'none', sys-iface-state: 'external')
Apr 23 20:34:25 localhost NetworkManager[823]: <info>  [1713884665.7149] device (lo): state change: secondaries -> activated (reason 'none', sys-iface-state: 'external')
Apr 23 20:34:25 localhost NetworkManager[823]: <info>  [1713884665.7152] device (lo): Activation: successful, device activated.
Apr 23 20:34:25 localhost systemd[1]: Finished Permit User Sessions.
Apr 23 20:34:25 localhost systemd[1]: Started CUPS Scheduler.
Apr 23 20:34:25 localhost systemd[1]: Started Deferred execution scheduler.
Apr 23 20:34:25 localhost systemd[1]: Started Command Scheduler.
Apr 23 20:34:25 localhost systemd[1]: Starting GNOME Display Manager...
Apr 23 20:34:25 localhost systemd[1]: Starting Hold until boot process finishes up...
Apr 23 20:34:25 localhost systemd[1]: Started GNOME Display Manager.
Apr 23 20:34:25 localhost systemd[1]: Received SIGRTMIN+21 from PID 350 (plymouthd).
Apr 23 20:34:25 localhost systemd[1]: sshd-keygen@rsa.service: Deactivated successfully.
Apr 23 20:34:25 localhost systemd[1]: Finished OpenSSH rsa Server Key Generation.
Apr 23 20:34:25 localhost systemd[1]: Reached target sshd-keygen.target.
Apr 23 20:34:25 localhost systemd[1]: Starting OpenSSH server daemon...
Apr 23 20:34:25 localhost systemd[1]: Started OpenSSH server daemon.
Apr 23 20:34:25 localhost systemd[1]: Started Dynamic System Tuning Daemon.
Apr 23 20:34:26 localhost NetworkManager[823]: <info>  [1713884666.0314] device (enp0s1): state change: config -> ip-config (reason 'none', sys-iface-state: 'managed')
Apr 23 20:34:26 localhost NetworkManager[823]: <info>  [1713884666.0319] dhcp4 (enp0s1): activation: beginning transaction (timeout in 45 seconds)
Apr 23 20:34:26 localhost avahi-daemon[689]: Joining mDNS multicast group on interface enp0s1.IPv6 with address fe80::6c42:bfff:fe77:c2ef.
Apr 23 20:34:26 localhost avahi-daemon[689]: New relevant interface enp0s1.IPv6 for mDNS.
Apr 23 20:34:26 localhost avahi-daemon[689]: Registering new address record for fe80::6c42:bfff:fe77:c2ef on enp0s1.*.
Apr 23 20:34:26 localhost NetworkManager[823]: <info>  [1713884666.0779] dhcp4 (enp0s1): state changed new lease, address=192.168.64.6
Apr 23 20:34:26 localhost NetworkManager[823]: <info>  [1713884666.0781] policy: set 'enp0s1' (enp0s1) as default for IPv4 routing and DNS
Apr 23 20:34:26 localhost avahi-daemon[689]: Joining mDNS multicast group on interface enp0s1.IPv4 with address 192.168.64.6.
Apr 23 20:34:26 localhost avahi-daemon[689]: New relevant interface enp0s1.IPv4 for mDNS.
Apr 23 20:34:26 localhost avahi-daemon[689]: Registering new address record for 192.168.64.6 on enp0s1.IPv4.
Apr 23 20:34:26 localhost NetworkManager[823]: <info>  [1713884666.0814] device (enp0s1): state change: ip-config -> ip-check (reason 'none', sys-iface-state: 'managed')
Apr 23 20:34:26 localhost NetworkManager[823]: <info>  [1713884666.0822] device (enp0s1): state change: ip-check -> secondaries (reason 'none', sys-iface-state: 'managed')
Apr 23 20:34:26 localhost NetworkManager[823]: <info>  [1713884666.0822] device (enp0s1): state change: secondaries -> activated (reason 'none', sys-iface-state: 'managed')
Apr 23 20:34:26 localhost NetworkManager[823]: <info>  [1713884666.0823] manager: NetworkManager state is now CONNECTED_SITE
Apr 23 20:34:26 localhost NetworkManager[823]: <info>  [1713884666.0824] device (enp0s1): Activation: successful, device activated.
Apr 23 20:34:26 localhost NetworkManager[823]: <info>  [1713884666.0825] manager: NetworkManager state is now CONNECTED_GLOBAL
Apr 23 20:34:26 localhost NetworkManager[823]: <info>  [1713884666.0826] manager: startup complete
Apr 23 20:34:26 localhost systemd[1]: Finished Network Manager Wait Online.
Apr 23 20:34:26 localhost systemd[1]: Reached target Network is Online.
Apr 23 20:34:26 localhost systemd[1]: iscsi.service: Unit cannot be reloaded because it is inactive.
Apr 23 20:34:26 localhost systemd[1]: Starting Crash recovery kernel arming...
Apr 23 20:34:26 localhost systemd[1]: Starting System Logging Service...
Apr 23 20:34:26 localhost systemd[1]: iscsi.service: Unit cannot be reloaded because it is inactive.
Apr 23 20:34:26 localhost rsyslogd[1146]: [origin software="rsyslogd" swVersion="8.2310.0-4.el9" x-pid="1146" x-info="https://www.rsyslog.com"] start
Apr 23 20:34:26 localhost systemd[1]: Started System Logging Service.
Apr 23 20:34:26 localhost rsyslogd[1146]: imjournal: No statefile exists, /var/lib/rsyslog/imjournal.state will be created (ignore if this is first run): No such file or directory [v8.2310.0-4.el9 try https://www.rsyslog.com/e/2040 ]
Apr 23 20:34:26 localhost rsyslogd[1146]: imjournal: journal files changed, reloading...  [v8.2310.0-4.el9 try https://www.rsyslog.com/e/0 ]
Apr 23 20:34:26 localhost kdumpctl[1165]: kdump: No kdump initial ramdisk found.
Apr 23 20:34:26 localhost kdumpctl[1165]: kdump: Rebuilding /boot/initramfs-5.14.0-430.el9.aarch64kdump.img
Apr 23 20:34:26 localhost dracut[1469]: dracut-057-53.git20240104.el9
Apr 23 20:34:26 localhost dracut[1471]: Executing: /usr/bin/dracut --add kdumpbase --quiet --hostonly --hostonly-cmdline --hostonly-i18n --hostonly-mode strict --hostonly-nics  -o "plymouth resume ifcfg earlykdump" --mount "/dev/mapper/cs-root /sysroot xfs rw,relatime,seclabel,attr2,inode64,logbufs=8,logbsize=32k,noquota" --squash-compressor zstd --no-hostonly-default-device -f /boot/initramfs-5.14.0-430.el9.aarch64kdump.img 5.14.0-430.el9.aarch64
Apr 23 20:34:26 localhost dracut[1471]: dracut module 'systemd-networkd' will not be installed, because command 'networkctl' could not be found!
Apr 23 20:34:26 localhost dracut[1471]: dracut module 'systemd-networkd' will not be installed, because command '/usr/lib/systemd/systemd-networkd' could not be found!
Apr 23 20:34:26 localhost dracut[1471]: dracut module 'systemd-networkd' will not be installed, because command '/usr/lib/systemd/systemd-networkd-wait-online' could not be found!
Apr 23 20:34:26 localhost dracut[1471]: dracut module 'systemd-resolved' will not be installed, because command 'resolvectl' could not be found!
Apr 23 20:34:26 localhost dracut[1471]: dracut module 'systemd-resolved' will not be installed, because command '/usr/lib/systemd/systemd-resolved' could not be found!
Apr 23 20:34:26 localhost dracut[1471]: dracut module 'systemd-timesyncd' will not be installed, because command '/usr/lib/systemd/systemd-timesyncd' could not be found!
Apr 23 20:34:26 localhost dracut[1471]: dracut module 'systemd-timesyncd' will not be installed, because command '/usr/lib/systemd/systemd-time-wait-sync' could not be found!
Apr 23 20:34:26 localhost dracut[1471]: dracut module 'modsign' will not be installed, because command 'keyctl' could not be found!
Apr 23 20:34:26 localhost dracut[1471]: dracut module 'busybox' will not be installed, because command 'busybox' could not be found!
Apr 23 20:34:26 localhost dracut[1471]: dracut module 'rngd' will not be installed, because command 'rngd' could not be found!
Apr 23 20:34:26 localhost dracut[1471]: dracut module 'connman' will not be installed, because command 'connmand' could not be found!
Apr 23 20:34:26 localhost dracut[1471]: dracut module 'connman' will not be installed, because command 'connmanctl' could not be found!
Apr 23 20:34:26 localhost dracut[1471]: dracut module 'connman' will not be installed, because command 'connmand-wait-online' could not be found!
Apr 23 20:34:26 localhost dracut[1471]: dracut module 'network-legacy' will not be installed, because command 'dhclient' could not be found!
Apr 23 20:34:26 localhost dracut[1471]: dracut module 'network-wicked' will not be installed, because command 'wicked' could not be found!
Apr 23 20:34:26 localhost dracut[1471]: dracut module 'btrfs' will not be installed, because command 'btrfs' could not be found!
Apr 23 20:34:26 localhost dracut[1471]: dracut module 'dmraid' will not be installed, because command 'dmraid' could not be found!
Apr 23 20:34:26 localhost dracut[1471]: dracut module 'pcsc' will not be installed, because command 'pcscd' could not be found!
Apr 23 20:34:26 localhost dracut[1471]: dracut module 'cifs' will not be installed, because command 'mount.cifs' could not be found!
Apr 23 20:34:26 localhost avahi-daemon[689]: Server startup complete. Host name is linux.local. Local service cookie is 1389225922.
Apr 23 20:34:27 localhost dracut[1471]: 95nfs: Could not find any command of 'rpcbind portmap'!
Apr 23 20:34:27 localhost NetworkManager[823]: <info>  [1713884667.3393] policy: set-hostname: set hostname to 'localhost.localdomain' (no hostname found)
Apr 23 20:34:27 localhost dracut[1471]: dracut module 'biosdevname' will not be installed, because command 'biosdevname' could not be found!
Apr 23 20:34:27 localhost dracut[1471]: dracut module 'masterkey' will not be installed, because command 'keyctl' could not be found!
